Archive member included to satisfy reference by file (symbol)

c:/ac6/systemworkbench/plugins/fr.ac6.mcu.externaltools.arm-none.win32_1.17.0.201812190825/tools/compiler/bin/../lib/gcc/arm-none-eabi/7.3.1/../../../../arm-none-eabi/lib/thumb/v7e-m/fpv4-sp/hard\libm.a(lib_a-s_trunc.o)
                              DataLog/User/datalog_application.o (trunc)
c:/ac6/systemworkbench/plugins/fr.ac6.mcu.externaltools.arm-none.win32_1.17.0.201812190825/tools/compiler/bin/../lib/gcc/arm-none-eabi/7.3.1/../../../../arm-none-eabi/lib/thumb/v7e-m/fpv4-sp/hard\libm.a(lib_a-w_pow.o)
                              DataLog/User/datalog_application.o (pow)
c:/ac6/systemworkbench/plugins/fr.ac6.mcu.externaltools.arm-none.win32_1.17.0.201812190825/tools/compiler/bin/../lib/gcc/arm-none-eabi/7.3.1/../../../../arm-none-eabi/lib/thumb/v7e-m/fpv4-sp/hard\libm.a(lib_a-w_sqrt.o)
                              DataLog/User/main.o (sqrt)
c:/ac6/systemworkbench/plugins/fr.ac6.mcu.externaltools.arm-none.win32_1.17.0.201812190825/tools/compiler/bin/../lib/gcc/arm-none-eabi/7.3.1/../../../../arm-none-eabi/lib/thumb/v7e-m/fpv4-sp/hard\libm.a(lib_a-e_pow.o)
                              c:/ac6/systemworkbench/plugins/fr.ac6.mcu.externaltools.arm-none.win32_1.17.0.201812190825/tools/compiler/bin/../lib/gcc/arm-none-eabi/7.3.1/../../../../arm-none-eabi/lib/thumb/v7e-m/fpv4-sp/hard\libm.a(lib_a-w_pow.o) (__ieee754_pow)
c:/ac6/systemworkbench/plugins/fr.ac6.mcu.externaltools.arm-none.win32_1.17.0.201812190825/tools/compiler/bin/../lib/gcc/arm-none-eabi/7.3.1/../../../../arm-none-eabi/lib/thumb/v7e-m/fpv4-sp/hard\libm.a(lib_a-e_sqrt.o)
                              c:/ac6/systemworkbench/plugins/fr.ac6.mcu.externaltools.arm-none.win32_1.17.0.201812190825/tools/compiler/bin/../lib/gcc/arm-none-eabi/7.3.1/../../../../arm-none-eabi/lib/thumb/v7e-m/fpv4-sp/hard\libm.a(lib_a-w_sqrt.o) (__ieee754_sqrt)
c:/ac6/systemworkbench/plugins/fr.ac6.mcu.externaltools.arm-none.win32_1.17.0.201812190825/tools/compiler/bin/../lib/gcc/arm-none-eabi/7.3.1/../../../../arm-none-eabi/lib/thumb/v7e-m/fpv4-sp/hard\libm.a(lib_a-s_fabs.o)
                              c:/ac6/systemworkbench/plugins/fr.ac6.mcu.externaltools.arm-none.win32_1.17.0.201812190825/tools/compiler/bin/../lib/gcc/arm-none-eabi/7.3.1/../../../../arm-none-eabi/lib/thumb/v7e-m/fpv4-sp/hard\libm.a(lib_a-e_pow.o) (fabs)
c:/ac6/systemworkbench/plugins/fr.ac6.mcu.externaltools.arm-none.win32_1.17.0.201812190825/tools/compiler/bin/../lib/gcc/arm-none-eabi/7.3.1/../../../../arm-none-eabi/lib/thumb/v7e-m/fpv4-sp/hard\libm.a(lib_a-s_finite.o)
                              c:/ac6/systemworkbench/plugins/fr.ac6.mcu.externaltools.arm-none.win32_1.17.0.201812190825/tools/compiler/bin/../lib/gcc/arm-none-eabi/7.3.1/../../../../arm-none-eabi/lib/thumb/v7e-m/fpv4-sp/hard\libm.a(lib_a-w_pow.o) (finite)
c:/ac6/systemworkbench/plugins/fr.ac6.mcu.externaltools.arm-none.win32_1.17.0.201812190825/tools/compiler/bin/../lib/gcc/arm-none-eabi/7.3.1/../../../../arm-none-eabi/lib/thumb/v7e-m/fpv4-sp/hard\libm.a(lib_a-s_lib_ver.o)
                              c:/ac6/systemworkbench/plugins/fr.ac6.mcu.externaltools.arm-none.win32_1.17.0.201812190825/tools/compiler/bin/../lib/gcc/arm-none-eabi/7.3.1/../../../../arm-none-eabi/lib/thumb/v7e-m/fpv4-sp/hard\libm.a(lib_a-w_pow.o) (__fdlib_version)
c:/ac6/systemworkbench/plugins/fr.ac6.mcu.externaltools.arm-none.win32_1.17.0.201812190825/tools/compiler/bin/../lib/gcc/arm-none-eabi/7.3.1/../../../../arm-none-eabi/lib/thumb/v7e-m/fpv4-sp/hard\libm.a(lib_a-s_matherr.o)
                              c:/ac6/systemworkbench/plugins/fr.ac6.mcu.externaltools.arm-none.win32_1.17.0.201812190825/tools/compiler/bin/../lib/gcc/arm-none-eabi/7.3.1/../../../../arm-none-eabi/lib/thumb/v7e-m/fpv4-sp/hard\libm.a(lib_a-w_pow.o) (matherr)
c:/ac6/systemworkbench/plugins/fr.ac6.mcu.externaltools.arm-none.win32_1.17.0.201812190825/tools/compiler/bin/../lib/gcc/arm-none-eabi/7.3.1/../../../../arm-none-eabi/lib/thumb/v7e-m/fpv4-sp/hard\libm.a(lib_a-s_nan.o)
                              c:/ac6/systemworkbench/plugins/fr.ac6.mcu.externaltools.arm-none.win32_1.17.0.201812190825/tools/compiler/bin/../lib/gcc/arm-none-eabi/7.3.1/../../../../arm-none-eabi/lib/thumb/v7e-m/fpv4-sp/hard\libm.a(lib_a-e_pow.o) (nan)
c:/ac6/systemworkbench/plugins/fr.ac6.mcu.externaltools.arm-none.win32_1.17.0.201812190825/tools/compiler/bin/../lib/gcc/arm-none-eabi/7.3.1/../../../../arm-none-eabi/lib/thumb/v7e-m/fpv4-sp/hard\libm.a(lib_a-s_rint.o)
                              c:/ac6/systemworkbench/plugins/fr.ac6.mcu.externaltools.arm-none.win32_1.17.0.201812190825/tools/compiler/bin/../lib/gcc/arm-none-eabi/7.3.1/../../../../arm-none-eabi/lib/thumb/v7e-m/fpv4-sp/hard\libm.a(lib_a-w_pow.o) (rint)
c:/ac6/systemworkbench/plugins/fr.ac6.mcu.externaltools.arm-none.win32_1.17.0.201812190825/tools/compiler/bin/../lib/gcc/arm-none-eabi/7.3.1/../../../../arm-none-eabi/lib/thumb/v7e-m/fpv4-sp/hard\libm.a(lib_a-s_scalbn.o)
[...]
Memory Configuration

Name             Origin             Length             Attributes
FLASH            0x08004000         0x00040000         xr
RAM              0x20000000         0x00018000         xrw
SRAM2            0x10000000         0x00008000         xrw
*default*        0x00000000         0xffffffff

Linker script and memory map

LOAD c:/ac6/systemworkbench/plugins/fr.ac6.mcu.externaltools.arm-none.win32_1.17.0.201812190825/tools/compiler/bin/../lib/gcc/arm-none-eabi/7.3.1/thumb/v7e-m/fpv4-sp/hard/crti.o
LOAD c:/ac6/systemworkbench/plugins/fr.ac6.mcu.externaltools.arm-none.win32_1.17.0.201812190825/tools/compiler/bin/../lib/gcc/arm-none-eabi/7.3.1/thumb/v7e-m/fpv4-sp/hard/crtbegin.o
LOAD c:/ac6/systemworkbench/plugins/fr.ac6.mcu.externaltools.arm-none.win32_1.17.0.201812190825/tools/compiler/bin/../lib/gcc/arm-none-eabi/7.3.1/../../../../arm-none-eabi/lib/thumb/v7e-m/fpv4-sp/hard/crt0.o
LOAD DataLog/SW4STM32/startup_stm32l476xx.o
LOAD DataLog/User/cube_hal_l4.o
LOAD DataLog/User/datalog_application.o
LOAD DataLog/User/embeddedML.o
LOAD DataLog/User/main.o
LOAD DataLog/User/stm32l4xx_hal_msp.o
LOAD DataLog/User/stm32l4xx_it.o
LOAD DataLog/User/syscalls.o
LOAD DataLog/User/usbd_cdc_interface.o
LOAD DataLog/User/usbd_conf.o
LOAD DataLog/User/usbd_desc.o
LOAD Drivers/BSP/Components/HTS221_Driver.o
LOAD Drivers/BSP/Components/HTS221_Driver_HL.o
LOAD Drivers/BSP/Components/LPS22HB_Driver.o
LOAD Drivers/BSP/Components/LPS22HB_Driver_HL.o
LOAD Drivers/BSP/Components/LSM303AGR_ACC_driver.o
LOAD Drivers/BSP/Components/LSM303AGR_ACC_driver_HL.o
LOAD Drivers/BSP/Components/LSM303AGR_MAG_driver.o
LOAD Drivers/BSP/Components/LSM303AGR_MAG_driver_HL.o
LOAD Drivers/BSP/Components/LSM6DSM_ACC_GYRO_driver.o
LOAD Drivers/BSP/Components/LSM6DSM_ACC_GYRO_driver_HL.o
LOAD Drivers/BSP/Components/STC3115_Driver.o
LOAD Drivers/BSP/SensorTile/SensorTile.o
LOAD Drivers/BSP/SensorTile/SensorTile_accelero.o
LOAD Drivers/BSP/SensorTile/SensorTile_gg.o
LOAD Drivers/BSP/SensorTile/SensorTile_gyro.o
LOAD Drivers/BSP/SensorTile/SensorTile_humidity.o
LOAD Drivers/BSP/SensorTile/SensorTile_magneto.o
LOAD Drivers/BSP/SensorTile/SensorTile_pressure.o
LOAD Drivers/BSP/SensorTile/SensorTile_sd.o
LOAD Drivers/BSP/SensorTile/SensorTile_temperature.o
LOAD Drivers/CMSIS/system_stm32l4xx.o
LOAD Drivers/STM32L4xx_HAL_Driver/stm32l4xx_hal.o
LOAD Drivers/STM32L4xx_HAL_Driver/stm32l4xx_hal_cortex.o
LOAD Drivers/STM32L4xx_HAL_Driver/stm32l4xx_hal_dma.o
LOAD Drivers/STM32L4xx_HAL_Driver/stm32l4xx_hal_gpio.o
LOAD Drivers/STM32L4xx_HAL_Driver/stm32l4xx_hal_i2c.o
LOAD Drivers/STM32L4xx_HAL_Driver/stm32l4xx_hal_i2c_ex.o
LOAD Drivers/STM32L4xx_HAL_Driver/stm32l4xx_hal_pcd.o
LOAD Drivers/STM32L4xx_HAL_Driver/stm32l4xx_hal_pcd_ex.o
LOAD Drivers/STM32L4xx_HAL_Driver/stm32l4xx_hal_pwr.o
LOAD Drivers/STM32L4xx_HAL_Driver/stm32l4xx_hal_pwr_ex.o
LOAD Drivers/STM32L4xx_HAL_Driver/stm32l4xx_hal_rcc.o
LOAD Drivers/STM32L4xx_HAL_Driver/stm32l4xx_hal_rcc_ex.o
LOAD Drivers/STM32L4xx_HAL_Driver/stm32l4xx_hal_rtc.o
LOAD Drivers/STM32L4xx_HAL_Driver/stm32l4xx_hal_rtc_ex.o
LOAD Drivers/STM32L4xx_HAL_Driver/stm32l4xx_hal_spi.o
LOAD Drivers/STM32L4xx_HAL_Driver/stm32l4xx_hal_spi_ex.o
LOAD Drivers/STM32L4xx_HAL_Driver/stm32l4xx_hal_tim.o
LOAD Drivers/STM32L4xx_HAL_Driver/stm32l4xx_hal_tim_ex.o
LOAD Drivers/STM32L4xx_HAL_Driver/stm32l4xx_ll_usb.o
LOAD Middlewares/FatFs/diskio.o
LOAD Middlewares/FatFs/ff.o
LOAD Middlewares/FatFs/ff_gen_drv.o
LOAD Middlewares/FatFs/sd_diskio.o
LOAD Middlewares/FatFs/syscall.o
LOAD Middlewares/FatFs/unicode.o
LOAD Middlewares/STM32_USBD_Library/Class/usbd_cdc.o
LOAD Middlewares/STM32_USBD_Library/Core/usbd_core.o
LOAD Middlewares/STM32_USBD_Library/Core/usbd_ctlreq.o
LOAD Middlewares/STM32_USBD_Library/Core/usbd_ioreq.o
LOAD c:/ac6/systemworkbench/plugins/fr.ac6.mcu.externaltools.arm-none.win32_1.17.0.201812190825/tools/compiler/bin/../lib/gcc/arm-none-eabi/7.3.1/../../../../arm-none-eabi/lib/thumb/v7e-m/fpv4-sp/hard\libm.a
START GROUP
LOAD c:/ac6/systemworkbench/plugins/fr.ac6.mcu.externaltools.arm-none.win32_1.17.0.201812190825/tools/compiler/bin/../lib/gcc/arm-none-eabi/7.3.1/thumb/v7e-m/fpv4-sp/hard\libgcc.a
LOAD c:/ac6/systemworkbench/plugins/fr.ac6.mcu.externaltools.arm-none.win32_1.17.0.201812190825/tools/compiler/bin/../lib/gcc/arm-none-eabi/7.3.1/../../../../arm-none-eabi/lib/thumb/v7e-m/fpv4-sp/hard\libc_nano.a
END GROUP
START GROUP
LOAD c:/ac6/systemworkbench/plugins/fr.ac6.mcu.externaltools.arm-none.win32_1.17.0.201812190825/tools/compiler/bin/../lib/gcc/arm-none-eabi/7.3.1/thumb/v7e-m/fpv4-sp/hard\libgcc.a
LOAD c:/ac6/systemworkbench/plugins/fr.ac6.mcu.externaltools.arm-none.win32_1.17.0.201812190825/tools/compiler/bin/../lib/gcc/arm-none-eabi/7.3.1/../../../../arm-none-eabi/lib/thumb/v7e-m/fpv4-sp/hard\libc_nano.a
END GROUP
LOAD c:/ac6/systemworkbench/plugins/fr.ac6.mcu.externaltools.arm-none.win32_1.17.0.201812190825/tools/compiler/bin/../lib/gcc/arm-none-eabi/7.3.1/thumb/v7e-m/fpv4-sp/hard/crtend.o
LOAD c:/ac6/systemworkbench/plugins/fr.ac6.mcu.externaltools.arm-none.win32_1.17.0.201812190825/tools/compiler/bin/../lib/gcc/arm-none-eabi/7.3.1/thumb/v7e-m/fpv4-sp/hard/crtn.o
                0x20017fff                _estack = 0x20017fff
                0x00002000                _Min_Heap_Size = 0x2000
                0x00002000                _Min_Stack_Size = 0x2000

.isr_vector     0x08004000      0x188
                0x08004000                . = ALIGN (0x8)
 *(.isr_vector)
 .isr_vector    0x08004000      0x188 DataLog/SW4STM32/startup_stm32l476xx.o
                0x08004000                g_pfnVectors
                0x08004188                . = ALIGN (0x8)

.text           0x08004190    0x1d570
                0x08004190                . = ALIGN (0x8)
 *(.text)
 .text          0x08004190       0x40 c:/ac6/systemworkbench/plugins/fr.ac6.mcu.externaltools.arm-none.win32_1.17.0.201812190825/tools/compiler/bin/../lib/gcc/arm-none-eabi/7.3.1/thumb/v7e-m/fpv4-sp/hard/crtbegin.o
 .text          0x080041d0      0x378 c:/ac6/systemworkbench/plugins/fr.ac6.mcu.externaltools.arm-none.win32_1.17.0.201812190825/tools/compiler/bin/../lib/gcc/arm-none-eabi/7.3.1/thumb/v7e-m/fpv4-sp/hard\libgcc.a(_arm_addsubdf3.o)
                0x080041d0                __aeabi_drsub
                0x080041d8                __aeabi_dsub
                0x080041d8                __subdf3
                0x080041dc                __aeabi_dadd
                0x080041dc                __adddf3
                0x08004454                __floatunsidf
                0x08004454                __aeabi_ui2d
                0x08004474                __floatsidf
                0x08004474                __aeabi_i2d
                0x08004498                __aeabi_f2d
                0x08004498                __extendsfdf2
                0x080044dc                __floatundidf
                0x080044dc                __aeabi_ul2d
                0x080044ec                __floatdidf
                0x080044ec                __aeabi_l2d
 .text          0x08004548      0x424 c:/ac6/systemworkbench/plugins/fr.ac6.mcu.externaltools.arm-none.win32_1.17.0.201812190825/tools/compiler/bin/../lib/gcc/arm-none-eabi/7.3.1/thumb/v7e-m/fpv4-sp/hard\libgcc.a(_arm_muldivdf3.o)
                0x08004548                __aeabi_dmul
                0x08004548                __muldf3
                0x0800479c                __divdf3
                0x0800479c                __aeabi_ddiv
 .text          0x0800496c      0x110 c:/ac6/systemworkbench/plugins/fr.ac6.mcu.externaltools.arm-none.win32_1.17.0.201812190825/tools/compiler/bin/../lib/gcc/arm-none-eabi/7.3.1/thumb/v7e-m/fpv4-sp/hard\libgcc.a(_arm_cmpdf2.o)
                0x0800496c                __gtdf2
                0x0800496c                __gedf2
                0x08004974                __ltdf2
                0x08004974                __ledf2
                0x0800497c                __nedf2
                0x0800497c                __eqdf2
                0x0800497c                __cmpdf2
                0x080049f8                __aeabi_cdrcmple
                0x08004a08                __aeabi_cdcmpeq
                0x08004a08                __aeabi_cdcmple
                0x08004a18                __aeabi_dcmpeq
                0x08004a2c                __aeabi_dcmplt
                0x08004a40                __aeabi_dcmple
                0x08004a54                __aeabi_dcmpge
                0x08004a68                __aeabi_dcmpgt
 .text          0x08004a7c       0x2c c:/ac6/systemworkbench/plugins/fr.ac6.mcu.externaltools.arm-none.win32_1.17.0.201812190825/tools/compiler/bin/../lib/gcc/arm-none-eabi/7.3.1/thumb/v7e-m/fpv4-sp/hard\libgcc.a(_arm_unorddf2.o)
                0x08004a7c                __unorddf2
                0x08004a7c                __aeabi_dcmpun
 .text          0x08004aa8       0x50 c:/ac6/systemworkbench/plugins/fr.ac6.mcu.externaltools.arm-none.win32_1.17.0.201812190825/tools/compiler/bin/../lib/gcc/arm-none-eabi/7.3.1/thumb/v7e-m/fpv4-sp/hard\libgcc.a(_arm_fixdfsi.o)
                0x08004aa8                __aeabi_d2iz
                0x08004aa8                __fixdfsi
 .text          0x08004af8       0xa0 c:/ac6/systemworkbench/plugins/fr.ac6.mcu.externaltools.arm-none.win32_1.17.0.201812190825/tools/compiler/bin/../lib/gcc/arm-none-eabi/7.3.1/thumb/v7e-m/fpv4-sp/hard\libgcc.a(_arm_truncdfsf2.o)
                0x08004af8                __truncdfsf2
                0x08004af8                __aeabi_d2f
 .text          0x08004b98       0xa0 c:/ac6/systemworkbench/plugins/fr.ac6.mcu.externaltools.arm-none.win32_1.17.0.201812190825/tools/compiler/bin/../lib/gcc/arm-none-eabi/7.3.1/thumb/v7e-m/fpv4-sp/hard\libgcc.a(_aeabi_ldivmod.o)
                0x08004b98                __aeabi_ldivmod
 .text          0x08004c38      0x2cc c:/ac6/systemworkbench/plugins/fr.ac6.mcu.externaltools.arm-none.win32_1.17.0.201812190825/tools/compiler/bin/../lib/gcc/arm-none-eabi/7.3.1/thumb/v7e-m/fpv4-sp/hard\libgcc.a(_udivmoddi4.o)
                0x08004c38                __udivmoddi4
 .text          0x08004f04        0x4 c:/ac6/systemworkbench/plugins/fr.ac6.mcu.externaltools.arm-none.win32_1.17.0.201812190825/tools/compiler/bin/../lib/gcc/arm-none-eabi/7.3.1/thumb/v7e-m/fpv4-sp/hard\libgcc.a(_dvmd_tls.o)
                0x08004f04                __aeabi_idiv0
                0x08004f04                __aeabi_ldiv0
 .text          0x08004f08       0x10 c:/ac6/systemworkbench/plugins/fr.ac6.mcu.externaltools.arm-none.win32_1.17.0.201812190825/tools/compiler/bin/../lib/gcc/arm-none-eabi/7.3.1/../../../../arm-none-eabi/lib/thumb/v7e-m/fpv4-sp/hard\libc_nano.a(lib_a-strlen.o)
                0x08004f08                strlen
 *fill*         0x08004f18        0x8 
 .text          0x08004f20       0xa0 c:/ac6/systemworkbench/plugins/fr.ac6.mcu.externaltools.arm-none.win32_1.17.0.201812190825/tools/compiler/bin/../lib/gcc/arm-none-eabi/7.3.1/../../../../arm-none-eabi/lib/thumb/v7e-m/fpv4-sp/hard\libc_nano.a(lib_a-memchr.o)
                0x08004f20                memchr
 .text          0x08004fc0       0x40 c:/ac6/systemworkbench/plugins/fr.ac6.mcu.externaltools.arm-none.win32_1.17.0.201812190825/tools/compiler/bin/../lib/gcc/arm-none-eabi/7.3.1/thumb/v7e-m/fpv4-sp/hard\libgcc.a(_arm_fixunsdfsi.o)
                0x08004fc0                __aeabi_d2uiz
                0x08004fc0                __fixunsdfsi
 *(.text*)
 .text.Reset_Handler
                0x08005000       0x50 DataLog/SW4STM32/startup_stm32l476xx.o
                0x08005000                Reset_Handler
 .text.Default_Handler
                0x08005050        0x2 DataLog/SW4STM32/startup_stm32l476xx.o
                0x08005050                RTC_Alarm_IRQHandler
                0x08005050                TIM8_TRG_COM_IRQHandler
                0x08005050                TIM8_CC_IRQHandler
                0x08005050                TIM1_CC_IRQHandler
                0x08005050                TSC_IRQHandler
                0x08005050                TAMP_STAMP_IRQHandler
                0x08005050                PendSV_Handler
                0x08005050                EXTI3_IRQHandler
                0x08005050                LPTIM2_IRQHandler
                0x08005050                DFSDM1_FLT1_IRQHandler
                0x08005050                I2C3_ER_IRQHandler
                0x08005050                DFSDM1_FLT2_IRQHandler
                0x08005050                EXTI0_IRQHandler
                0x08005050                I2C2_EV_IRQHandler
                0x08005050                CAN1_RX0_IRQHandler
                0x08005050                FPU_IRQHandler
                0x08005050                TIM1_UP_TIM16_IRQHandler
                0x08005050                UsageFault_Handler
                0x08005050                ADC1_2_IRQHandler
                0x08005050                SPI1_IRQHandler
                0x08005050                TIM6_DAC_IRQHandler
                0x08005050                TIM8_UP_IRQHandler
                0x08005050                DMA2_Channel2_IRQHandler
                0x08005050                DMA1_Channel4_IRQHandler
                0x08005050                SAI2_IRQHandler
                0x08005050                DFSDM1_FLT3_IRQHandler
                0x08005050                USART3_IRQHandler
                0x08005050                DMA1_Channel7_IRQHandler
                0x08005050                CAN1_RX1_IRQHandler
                0x08005050                LCD_IRQHandler
                0x08005050                UART5_IRQHandler
                0x08005050                ADC3_IRQHandler
                0x08005050                TIM4_IRQHandler
                0x08005050                DMA2_Channel1_IRQHandler
                0x08005050                QUADSPI_IRQHandler
                0x08005050                I2C1_EV_IRQHandler
                0x08005050                DMA1_Channel6_IRQHandler
                0x08005050                UART4_IRQHandler
                0x08005050                DMA2_Channel4_IRQHandler
                0x08005050                RCC_IRQHandler
                0x08005050                DMA1_Channel1_IRQHandler
                0x08005050                Default_Handler
                0x08005050                DMA2_Channel7_IRQHandler
                0x08005050                EXTI15_10_IRQHandler
                0x08005050                TIM7_IRQHandler
                0x08005050                SDMMC1_IRQHandler
                0x08005050                TIM5_IRQHandler
                0x08005050                I2C3_EV_IRQHandler
                0x08005050                EXTI9_5_IRQHandler
                0x08005050                RTC_WKUP_IRQHandler
                0x08005050                PVD_PVM_IRQHandler
                0x08005050                SPI2_IRQHandler
                0x08005050                MemManage_Handler
                0x08005050                CAN1_TX_IRQHandler
                0x08005050                SVC_Handler
                0x08005050                DMA2_Channel5_IRQHandler
                0x08005050                DMA1_Channel5_IRQHandler
                0x08005050                EXTI4_IRQHandler
                0x08005050                RNG_IRQHandler
                0x08005050                TIM1_TRG_COM_TIM17_IRQHandler
                0x08005050                DMA1_Channel3_IRQHandler
                0x08005050                COMP_IRQHandler
                0x08005050                WWDG_IRQHandler
                0x08005050                LPUART1_IRQHandler
                0x08005050                DMA2_Channel6_IRQHandler
                0x08005050                TIM2_IRQHandler
                0x08005050                EXTI1_IRQHandler
                0x08005050                USART2_IRQHandler
                0x08005050                DFSDM1_FLT0_IRQHandler
                0x08005050                I2C2_ER_IRQHandler
                0x08005050                DMA1_Channel2_IRQHandler
                0x08005050                TIM8_BRK_IRQHandler
                0x08005050                CAN1_SCE_IRQHandler
                0x08005050                FLASH_IRQHandler
                0x08005050                BusFault_Handler
                0x08005050                USART1_IRQHandler
                0x08005050                SPI3_IRQHandler
                0x08005050                I2C1_ER_IRQHandler
                0x08005050                FMC_IRQHandler
                0x08005050                SWPMI1_IRQHandler
                0x08005050                LPTIM1_IRQHandler
                0x08005050                SAI1_IRQHandler
                0x08005050                DMA2_Channel3_IRQHandler
                0x08005050                TIM1_BRK_TIM15_IRQHandler
 *fill*         0x08005052        0x2 
 .text.SystemClock_Config
                0x08005054      0x144 DataLog/User/cube_hal_l4.o
                0x08005054                SystemClock_Config
 .text.Error_Handler
                0x08005198        0x6 DataLog/User/cube_hal_l4.o
 *fill*         0x0800519e        0x2 
 .text.DATALOG_SD_Init
                0x080051a0       0x54 DataLog/User/datalog_application.o
                0x080051a0                DATALOG_SD_Init
 .text.BP_ANN   0x080051f4      0x7fe DataLog/User/embeddedML.o
                0x080051f4                BP_ANN
 .text.train_ann
                0x080059f2       0x94 DataLog/User/embeddedML.o
                0x080059f2                train_ann
 .text.FP_ANN   0x08005a86      0x224 DataLog/User/embeddedML.o
                0x08005a86                FP_ANN
 .text.run_ann  0x08005caa       0x24 DataLog/User/embeddedML.o
                0x08005caa                run_ann
 *fill*         0x08005cce        0x2 
 .text.init_ann
                0x08005cd0       0x8c DataLog/User/embeddedML.o
                0x08005cd0                init_ann
 .text.fill_zeros
                0x08005d5c       0x38 DataLog/User/embeddedML.o
                0x08005d5c                fill_zeros
 .text.fill_number
                0x08005d94       0x3a DataLog/User/embeddedML.o
                0x08005d94                fill_number
 *fill*         0x08005dce        0x2 
 .text.relu     0x08005dd0       0x88 DataLog/User/embeddedML.o
                0x08005dd0                relu
 .text.relu2    0x08005e58       0xb8 DataLog/User/embeddedML.o
                0x08005e58                relu2
 .text.relu_derivative
                0x08005f10       0x50 DataLog/User/embeddedML.o
                0x08005f10                relu_derivative
 .text.relu2_derivative
                0x08005f60       0x50 DataLog/User/embeddedML.o
                0x08005f60                relu2_derivative
 .text.motion_softmax
                0x08005fb0      0x15a DataLog/User/main.o
                0x08005fb0                motion_softmax
 .text.LED_Code_Blink
                0x0800610a       0xa2 DataLog/User/main.o
                0x0800610a                LED_Code_Blink
 .text.getAccel
                0x080061ac       0x64 DataLog/User/main.o
                0x080061ac                getAccel
 .text.getAngularVelocity
                0x08006210       0x64 DataLog/User/main.o
                0x08006210                getAngularVelocity
 *fill*         0x08006274        0x4 
 .text.Feature_Extraction_State_0
                0x08006278      0x1b0 DataLog/User/main.o
                0x08006278                Feature_Extraction_State_0
 .text.Feature_Extraction_State_1
                0x08006428      0x3b0 DataLog/User/main.o
                0x08006428                Feature_Extraction_State_1
 .text.printOutput_ANN
                0x080067d8      0x58c DataLog/User/main.o
                0x080067d8                printOutput_ANN
 .text.TrainOrientation
                0x08006d64      0xc9c DataLog/User/main.o
                0x08006d64                TrainOrientation
 .text.Accel_Gyro_Sensor_Handler
                0x08007a00      0x5e0 DataLog/User/main.o
                0x08007a00                Accel_Gyro_Sensor_Handler
 .text.main     0x08007fe0      0x320 DataLog/User/main.o
                0x08007fe0                main
 .text.initializeAllSensors
                0x08008300       0xe8 DataLog/User/main.o
 .text.enableAllSensors
                0x080083e8       0x88 DataLog/User/main.o
                0x080083e8                enableAllSensors
 .text.RTC_Config
                0x08008470       0x4c DataLog/User/main.o
 .text.RTC_TimeStampConfig
                0x080084bc       0x68 DataLog/User/main.o
 .text.HAL_GPIO_EXTI_Callback
                0x08008524       0x20 DataLog/User/main.o
                0x08008524                HAL_GPIO_EXTI_Callback
 .text.Error_Handler
                0x08008544        0x6 DataLog/User/main.o
 *fill*         0x0800854a        0x2 
 .text.HAL_RTC_MspInit
                0x0800854c       0x34 DataLog/User/stm32l4xx_hal_msp.o
                0x0800854c                HAL_RTC_MspInit
 .text.NMI_Handler
                0x08008580        0xe DataLog/User/stm32l4xx_it.o
                0x08008580                NMI_Handler
 .text.HardFault_Handler
                0x0800858e        0x6 DataLog/User/stm32l4xx_it.o
                0x0800858e                HardFault_Handler
 .text.DebugMon_Handler
                0x08008594        0xe DataLog/User/stm32l4xx_it.o
                0x08008594                DebugMon_Handler
 .text.SysTick_Handler
                0x080085a2        0xc DataLog/User/stm32l4xx_it.o
                0x080085a2                SysTick_Handler
 *fill*         0x080085ae        0x2 
 .text.OTG_FS_IRQHandler
                0x080085b0       0x14 DataLog/User/stm32l4xx_it.o
                0x080085b0                OTG_FS_IRQHandler
 .text.TIM3_IRQHandler
                0x080085c4       0x14 DataLog/User/stm32l4xx_it.o
                0x080085c4                TIM3_IRQHandler
 .text.EXTI2_IRQHandler
                0x080085d8        0xe DataLog/User/stm32l4xx_it.o
                0x080085d8                EXTI2_IRQHandler
 *fill*         0x080085e6        0x2 
 .text._sbrk    0x080085e8       0x58 DataLog/User/syscalls.o
                0x080085e8                _sbrk
 .text._write   0x08008640       0x38 DataLog/User/syscalls.o
                0x08008640                _write
 .text._close   0x08008678       0x18 DataLog/User/syscalls.o
                0x08008678                _close
 .text._fstat   0x08008690       0x20 DataLog/User/syscalls.o
                0x08008690                _fstat
 .text._isatty  0x080086b0       0x16 DataLog/User/syscalls.o
                0x080086b0                _isatty
 .text._lseek   0x080086c6       0x1a DataLog/User/syscalls.o
                0x080086c6                _lseek
 .text._read    0x080086e0       0x22 DataLog/User/syscalls.o
                0x080086e0                _read
 *fill*         0x08008702        0x2 
 .text.CDC_Itf_Init
                0x08008704       0x74 DataLog/User/usbd_cdc_interface.o
 .text.CDC_Itf_DeInit
                0x08008778       0x10 DataLog/User/usbd_cdc_interface.o
 .text.CDC_Itf_Control
                0x08008788      0x15c DataLog/User/usbd_cdc_interface.o
 .text.CDC_Fill_Buffer
                0x080088e4       0x54 DataLog/User/usbd_cdc_interface.o
                0x080088e4                CDC_Fill_Buffer
 .text.HAL_TIM_PeriodElapsedCallback
                0x08008938       0x90 DataLog/User/usbd_cdc_interface.o
                0x08008938                HAL_TIM_PeriodElapsedCallback
 .text.CDC_Itf_Receive
                0x080089c8       0x18 DataLog/User/usbd_cdc_interface.o
 .text.TIM_Config
                0x080089e0       0x40 DataLog/User/usbd_cdc_interface.o
 .text.Error_Handler
                0x08008a20        0xe DataLog/User/usbd_cdc_interface.o
 *fill*         0x08008a2e        0x2 
 .text.HAL_PCD_MspInit
                0x08008a30       0x78 DataLog/User/usbd_conf.o
                0x08008a30                HAL_PCD_MspInit
 .text.HAL_PCD_SetupStageCallback
                0x08008aa8       0x24 DataLog/User/usbd_conf.o
                0x08008aa8                HAL_PCD_SetupStageCallback
 .text.HAL_PCD_DataOutStageCallback
                0x08008acc       0x36 DataLog/User/usbd_conf.o
                0x08008acc                HAL_PCD_DataOutStageCallback
 .text.HAL_PCD_DataInStageCallback
                0x08008b02       0x34 DataLog/User/usbd_conf.o
                0x08008b02                HAL_PCD_DataInStageCallback
 .text.HAL_PCD_SOFCallback
                0x08008b36       0x1c DataLog/User/usbd_conf.o
                0x08008b36                HAL_PCD_SOFCallback
 .text.HAL_PCD_ResetCallback
                0x08008b52       0x2a DataLog/User/usbd_conf.o
                0x08008b52                HAL_PCD_ResetCallback
 .text.HAL_PCD_SuspendCallback
                0x08008b7c       0x1c DataLog/User/usbd_conf.o
                0x08008b7c                HAL_PCD_SuspendCallback
 .text.HAL_PCD_ResumeCallback
                0x08008b98       0x1c DataLog/User/usbd_conf.o
                0x08008b98                HAL_PCD_ResumeCallback
 .text.HAL_PCD_ISOOUTIncompleteCallback
                0x08008bb4       0x24 DataLog/User/usbd_conf.o
                0x08008bb4                HAL_PCD_ISOOUTIncompleteCallback
 .text.HAL_PCD_ISOINIncompleteCallback
                0x08008bd8       0x24 DataLog/User/usbd_conf.o
                0x08008bd8                HAL_PCD_ISOINIncompleteCallback
 .text.HAL_PCD_ConnectCallback
                0x08008bfc       0x1c DataLog/User/usbd_conf.o
                0x08008bfc                HAL_PCD_ConnectCallback
 .text.HAL_PCD_DisconnectCallback
                0x08008c18       0x1c DataLog/User/usbd_conf.o
                0x08008c18                HAL_PCD_DisconnectCallback
 .text.USBD_LL_Init
                0x08008c34       0x94 DataLog/User/usbd_conf.o
                0x08008c34                USBD_LL_Init
 .text.USBD_LL_Start
                0x08008cc8       0x1e DataLog/User/usbd_conf.o
                0x08008cc8                USBD_LL_Start
 .text.USBD_LL_OpenEP
                0x08008ce6       0x34 DataLog/User/usbd_conf.o
                0x08008ce6                USBD_LL_OpenEP
 .text.USBD_LL_CloseEP
                0x08008d1a       0x26 DataLog/User/usbd_conf.o
                0x08008d1a                USBD_LL_CloseEP
 .text.USBD_LL_StallEP
                0x08008d40       0x26 DataLog/User/usbd_conf.o
                0x08008d40                USBD_LL_StallEP
 .text.USBD_LL_ClearStallEP
                0x08008d66       0x26 DataLog/User/usbd_conf.o
                0x08008d66                USBD_LL_ClearStallEP
 .text.USBD_LL_IsStallEP
                0x08008d8c       0x58 DataLog/User/usbd_conf.o
                0x08008d8c                USBD_LL_IsStallEP
 .text.USBD_LL_SetUSBAddress
                0x08008de4       0x26 DataLog/User/usbd_conf.o
                0x08008de4                USBD_LL_SetUSBAddress
 .text.USBD_LL_Transmit
                0x08008e0a       0x2e DataLog/User/usbd_conf.o
                0x08008e0a                USBD_LL_Transmit
 .text.USBD_LL_PrepareReceive
                0x08008e38       0x2e DataLog/User/usbd_conf.o
                0x08008e38                USBD_LL_PrepareReceive
 .text.USBD_LL_GetRxDataSize
                0x08008e66       0x26 DataLog/User/usbd_conf.o
                0x08008e66                USBD_LL_GetRxDataSize
 .text.USBD_VCP_DeviceDescriptor
                0x08008e8c       0x24 DataLog/User/usbd_desc.o
                0x08008e8c                USBD_VCP_DeviceDescriptor
 .text.USBD_VCP_LangIDStrDescriptor
                0x08008eb0       0x24 DataLog/User/usbd_desc.o
                0x08008eb0                USBD_VCP_LangIDStrDescriptor
 .text.USBD_VCP_ProductStrDescriptor
                0x08008ed4       0x28 DataLog/User/usbd_desc.o
                0x08008ed4                USBD_VCP_ProductStrDescriptor
 .text.USBD_VCP_ManufacturerStrDescriptor
                0x08008efc       0x28 DataLog/User/usbd_desc.o
                0x08008efc                USBD_VCP_ManufacturerStrDescriptor
 .text.USBD_VCP_SerialStrDescriptor
                0x08008f24       0x24 DataLog/User/usbd_desc.o
                0x08008f24                USBD_VCP_SerialStrDescriptor
 .text.USBD_VCP_ConfigStrDescriptor
                0x08008f48       0x28 DataLog/User/usbd_desc.o
                0x08008f48                USBD_VCP_ConfigStrDescriptor
 .text.USBD_VCP_InterfaceStrDescriptor
                0x08008f70       0x28 DataLog/User/usbd_desc.o
                0x08008f70                USBD_VCP_InterfaceStrDescriptor
 .text.Get_SerialNum
                0x08008f98       0x58 DataLog/User/usbd_desc.o
 .text.IntToUnicode
                0x08008ff0       0x7c DataLog/User/usbd_desc.o
 .text.HTS221_ReadReg
                0x0800906c       0x32 Drivers/BSP/Components/HTS221_Driver.o
                0x0800906c                HTS221_ReadReg
 .text.HTS221_WriteReg
                0x0800909e       0x32 Drivers/BSP/Components/HTS221_Driver.o
                0x0800909e                HTS221_WriteReg
 .text.HTS221_Get_DeviceID
                0x080090d0       0x2a Drivers/BSP/Components/HTS221_Driver.o
                0x080090d0                HTS221_Get_DeviceID
 *fill*         0x080090fa        0x2 
 .text.HTS221_Get_Humidity
                0x080090fc      0x150 Drivers/BSP/Components/HTS221_Driver.o
                0x080090fc                HTS221_Get_Humidity
 .text.HTS221_Get_Temperature
                0x0800924c      0x14a Drivers/BSP/Components/HTS221_Driver.o
                0x0800924c                HTS221_Get_Temperature
 .text.HTS221_Get_DataStatus
                0x08009396       0x48 Drivers/BSP/Components/HTS221_Driver.o
                0x08009396                HTS221_Get_DataStatus
 .text.HTS221_Activate
                0x080093de       0x4c Drivers/BSP/Components/HTS221_Driver.o
                0x080093de                HTS221_Activate
 .text.HTS221_DeActivate
                0x0800942a       0x4c Drivers/BSP/Components/HTS221_Driver.o
                0x0800942a                HTS221_DeActivate
 *fill*         0x08009476        0x2 
 .text.HTS221_Set_BduMode
                0x08009478       0x7c Drivers/BSP/Components/HTS221_Driver.o
                0x08009478                HTS221_Set_BduMode
 .text.HTS221_Set_Odr
                0x080094f4       0x80 Drivers/BSP/Components/HTS221_Driver.o
                0x080094f4                HTS221_Set_Odr
 .text.HTS221_Get_Odr
                0x08009574       0x3c Drivers/BSP/Components/HTS221_Driver.o
                0x08009574                HTS221_Get_Odr
 .text.HTS221_assert_failed
                0x080095b0       0x1c Drivers/BSP/Components/HTS221_Driver.o
                0x080095b0                HTS221_assert_failed
 .text.HTS221_H_Init
                0x080095cc       0x42 Drivers/BSP/Components/HTS221_Driver_HL.o
 .text.HTS221_H_DeInit
                0x0800960e       0x42 Drivers/BSP/Components/HTS221_Driver_HL.o
 .text.HTS221_H_Sensor_Enable
                0x08009650       0x4e Drivers/BSP/Components/HTS221_Driver_HL.o
 .text.HTS221_H_Sensor_Disable
                0x0800969e       0x4e Drivers/BSP/Components/HTS221_Driver_HL.o
 .text.HTS221_H_Get_WhoAmI
                0x080096ec       0x1c Drivers/BSP/Components/HTS221_Driver_HL.o
 .text.HTS221_H_Check_WhoAmI
                0x08009708       0x18 Drivers/BSP/Components/HTS221_Driver_HL.o
 .text.HTS221_H_Get_Hum
                0x08009720       0x1c Drivers/BSP/Components/HTS221_Driver_HL.o
 .text.HTS221_H_Get_ODR
                0x0800973c       0x1c Drivers/BSP/Components/HTS221_Driver_HL.o
 .text.HTS221_H_Set_ODR
                0x08009758       0x20 Drivers/BSP/Components/HTS221_Driver_HL.o
 .text.HTS221_H_Set_ODR_Value
                0x08009778       0x20 Drivers/BSP/Components/HTS221_Driver_HL.o
 .text.HTS221_H_Read_Reg
                0x08009798       0x2e Drivers/BSP/Components/HTS221_Driver_HL.o
 .text.HTS221_H_Write_Reg
                0x080097c6       0x30 Drivers/BSP/Components/HTS221_Driver_HL.o
 .text.HTS221_H_Get_DRDY_Status
                0x080097f6       0x4c Drivers/BSP/Components/HTS221_Driver_HL.o
 .text.HTS221_T_Init
                0x08009842       0x42 Drivers/BSP/Components/HTS221_Driver_HL.o
 .text.HTS221_T_DeInit
                0x08009884       0x42 Drivers/BSP/Components/HTS221_Driver_HL.o
 .text.HTS221_T_Sensor_Enable
                0x080098c6       0x4e Drivers/BSP/Components/HTS221_Driver_HL.o
 .text.HTS221_T_Sensor_Disable
                0x08009914       0x4e Drivers/BSP/Components/HTS221_Driver_HL.o
 .text.HTS221_T_Get_WhoAmI
                0x08009962       0x1c Drivers/BSP/Components/HTS221_Driver_HL.o
 .text.HTS221_T_Check_WhoAmI
                0x0800997e       0x18 Drivers/BSP/Components/HTS221_Driver_HL.o
 .text.HTS221_T_Get_Temp
                0x08009996       0x1c Drivers/BSP/Components/HTS221_Driver_HL.o
 .text.HTS221_T_Get_ODR
                0x080099b2       0x1c Drivers/BSP/Components/HTS221_Driver_HL.o
 .text.HTS221_T_Set_ODR
                0x080099ce       0x20 Drivers/BSP/Components/HTS221_Driver_HL.o
 .text.HTS221_T_Set_ODR_Value
                0x080099ee       0x20 Drivers/BSP/Components/HTS221_Driver_HL.o
 .text.HTS221_T_Read_Reg
                0x08009a0e       0x2e Drivers/BSP/Components/HTS221_Driver_HL.o
 .text.HTS221_T_Write_Reg
                0x08009a3c       0x30 Drivers/BSP/Components/HTS221_Driver_HL.o
 .text.HTS221_T_Get_DRDY_Status
                0x08009a6c       0x4c Drivers/BSP/Components/HTS221_Driver_HL.o
 .text.HTS221_Init
                0x08009ab8       0x56 Drivers/BSP/Components/HTS221_Driver_HL.o
 .text.HTS221_Sensor_Enable
                0x08009b0e       0x22 Drivers/BSP/Components/HTS221_Driver_HL.o
 .text.HTS221_Sensor_Disable
                0x08009b30       0x22 Drivers/BSP/Components/HTS221_Driver_HL.o
 .text.HTS221_Get_WhoAmI
                0x08009b52       0x26 Drivers/BSP/Components/HTS221_Driver_HL.o
 .text.HTS221_Check_WhoAmI
                0x08009b78       0x3a Drivers/BSP/Components/HTS221_Driver_HL.o
 .text.HTS221_Get_Hum
                0x08009bb2       0x46 Drivers/BSP/Components/HTS221_Driver_HL.o
 .text.HTS221_Get_Temp
                0x08009bf8       0x48 Drivers/BSP/Components/HTS221_Driver_HL.o
 .text.HTS221_Get_ODR
                0x08009c40       0x80 Drivers/BSP/Components/HTS221_Driver_HL.o
 .text.HTS221_Set_ODR
                0x08009cc0       0x6c Drivers/BSP/Components/HTS221_Driver_HL.o
 .text.HTS221_Set_ODR_Value
                0x08009d2c       0x5a Drivers/BSP/Components/HTS221_Driver_HL.o
 .text.HTS221_Read_Reg
                0x08009d86       0x2e Drivers/BSP/Components/HTS221_Driver_HL.o
 .text.HTS221_Write_Reg
                0x08009db4       0x30 Drivers/BSP/Components/HTS221_Driver_HL.o
 .text.LPS22HB_ReadReg
                0x08009de4       0x32 Drivers/BSP/Components/LPS22HB_Driver.o
                0x08009de4                LPS22HB_ReadReg
 .text.LPS22HB_WriteReg
                0x08009e16       0x32 Drivers/BSP/Components/LPS22HB_Driver.o
                0x08009e16                LPS22HB_WriteReg
 .text.LPS22HB_Get_DeviceID
                0x08009e48       0x2a Drivers/BSP/Components/LPS22HB_Driver.o
                0x08009e48                LPS22HB_Get_DeviceID
 .text.LPS22HB_Set_PowerMode
                0x08009e72       0x5a Drivers/BSP/Components/LPS22HB_Driver.o
                0x08009e72                LPS22HB_Set_PowerMode
 .text.LPS22HB_Set_Odr
                0x08009ecc       0x5a Drivers/BSP/Components/LPS22HB_Driver.o
                0x08009ecc                LPS22HB_Set_Odr
 .text.LPS22HB_Get_Odr
                0x08009f26       0x38 Drivers/BSP/Components/LPS22HB_Driver.o
                0x08009f26                LPS22HB_Get_Odr
 .text.LPS22HB_Set_LowPassFilter
                0x08009f5e       0x62 Drivers/BSP/Components/LPS22HB_Driver.o
                0x08009f5e                LPS22HB_Set_LowPassFilter
 .text.LPS22HB_Set_LowPassFilterCutoff
                0x08009fc0       0x5a Drivers/BSP/Components/LPS22HB_Driver.o
                0x08009fc0                LPS22HB_Set_LowPassFilterCutoff
 .text.LPS22HB_Set_Bdu
                0x0800a01a       0x5a Drivers/BSP/Components/LPS22HB_Driver.o
                0x0800a01a                LPS22HB_Set_Bdu
 .text.LPS22HB_SwResetAndMemoryBoot
                0x0800a074       0x4c Drivers/BSP/Components/LPS22HB_Driver.o
                0x0800a074                LPS22HB_SwResetAndMemoryBoot
 .text.LPS22HB_Set_FifoModeUse
                0x0800a0c0       0x62 Drivers/BSP/Components/LPS22HB_Driver.o
                0x0800a0c0                LPS22HB_Set_FifoModeUse
 .text.LPS22HB_Set_FifoWatermarkLevelUse
                0x0800a122       0x62 Drivers/BSP/Components/LPS22HB_Driver.o
                0x0800a122                LPS22HB_Set_FifoWatermarkLevelUse
 .text.LPS22HB_Set_AutomaticIncrementRegAddress
                0x0800a184       0x62 Drivers/BSP/Components/LPS22HB_Driver.o
                0x0800a184                LPS22HB_Set_AutomaticIncrementRegAddress
 .text.LPS22HB_Set_I2C
                0x0800a1e6       0x66 Drivers/BSP/Components/LPS22HB_Driver.o
                0x0800a1e6                LPS22HB_Set_I2C
 .text.LPS22HB_Set_FIFO_OVR_Interrupt
                0x0800a24c       0x62 Drivers/BSP/Components/LPS22HB_Driver.o
                0x0800a24c                LPS22HB_Set_FIFO_OVR_Interrupt
 .text.LPS22HB_Set_FIFO_FTH_Interrupt
                0x0800a2ae       0x62 Drivers/BSP/Components/LPS22HB_Driver.o
                0x0800a2ae                LPS22HB_Set_FIFO_FTH_Interrupt
 .text.LPS22HB_Set_FIFO_FULL_Interrupt
                0x0800a310       0x62 Drivers/BSP/Components/LPS22HB_Driver.o
                0x0800a310                LPS22HB_Set_FIFO_FULL_Interrupt
 .text.LPS22HB_Get_DataStatus
                0x0800a372       0x64 Drivers/BSP/Components/LPS22HB_Driver.o
                0x0800a372                LPS22HB_Get_DataStatus
 .text.LPS22HB_Get_RawPressure
                0x0800a3d6       0x76 Drivers/BSP/Components/LPS22HB_Driver.o
                0x0800a3d6                LPS22HB_Get_RawPressure
 .text.LPS22HB_Get_Pressure
                0x0800a44c       0x42 Drivers/BSP/Components/LPS22HB_Driver.o
                0x0800a44c                LPS22HB_Get_Pressure
 .text.LPS22HB_Get_RawTemperature
                0x0800a48e       0x44 Drivers/BSP/Components/LPS22HB_Driver.o
                0x0800a48e                LPS22HB_Get_RawTemperature
 *fill*         0x0800a4d2        0x2 
 .text.LPS22HB_Get_Temperature
                0x0800a4d4       0x50 Drivers/BSP/Components/LPS22HB_Driver.o
                0x0800a4d4                LPS22HB_Get_Temperature
 .text.LPS22HB_Set_FifoMode
                0x0800a524       0x5a Drivers/BSP/Components/LPS22HB_Driver.o
                0x0800a524                LPS22HB_Set_FifoMode
 .text.LPS22HB_Get_FifoMode
                0x0800a57e       0x3c Drivers/BSP/Components/LPS22HB_Driver.o
                0x0800a57e                LPS22HB_Get_FifoMode
 .text.LPS22HB_Set_FifoWatermarkLevel
                0x0800a5ba       0x5a Drivers/BSP/Components/LPS22HB_Driver.o
                0x0800a5ba                LPS22HB_Set_FifoWatermarkLevel
 .text.LPS22HB_Get_FifoWatermarkLevel
                0x0800a614       0x38 Drivers/BSP/Components/LPS22HB_Driver.o
                0x0800a614                LPS22HB_Get_FifoWatermarkLevel
 .text.LPS22HB_Get_FifoStatus
                0x0800a64c       0x7e Drivers/BSP/Components/LPS22HB_Driver.o
                0x0800a64c                LPS22HB_Get_FifoStatus
 .text.LPS22HB_P_Init
                0x0800a6ca       0x42 Drivers/BSP/Components/LPS22HB_Driver_HL.o
 .text.LPS22HB_P_DeInit
                0x0800a70c       0x40 Drivers/BSP/Components/LPS22HB_Driver_HL.o
 .text.LPS22HB_P_Sensor_Enable
                0x0800a74c       0x50 Drivers/BSP/Components/LPS22HB_Driver_HL.o
 .text.LPS22HB_P_Sensor_Disable
                0x0800a79c       0x4e Drivers/BSP/Components/LPS22HB_Driver_HL.o
 .text.LPS22HB_P_Get_WhoAmI
                0x0800a7ea       0x1c Drivers/BSP/Components/LPS22HB_Driver_HL.o
 .text.LPS22HB_P_Check_WhoAmI
                0x0800a806       0x18 Drivers/BSP/Components/LPS22HB_Driver_HL.o
 .text.LPS22HB_P_Get_Press
                0x0800a81e       0x1c Drivers/BSP/Components/LPS22HB_Driver_HL.o
 .text.LPS22HB_P_Get_ODR
                0x0800a83a       0x1c Drivers/BSP/Components/LPS22HB_Driver_HL.o
 .text.LPS22HB_P_Set_ODR
                0x0800a856       0x54 Drivers/BSP/Components/LPS22HB_Driver_HL.o
 .text.LPS22HB_P_Set_ODR_Value
                0x0800a8aa       0x54 Drivers/BSP/Components/LPS22HB_Driver_HL.o
 .text.LPS22HB_P_Read_Reg
                0x0800a8fe       0x2e Drivers/BSP/Components/LPS22HB_Driver_HL.o
 .text.LPS22HB_P_Write_Reg
                0x0800a92c       0x30 Drivers/BSP/Components/LPS22HB_Driver_HL.o
 .text.LPS22HB_P_Get_DRDY_Status
                0x0800a95c       0x30 Drivers/BSP/Components/LPS22HB_Driver_HL.o
 .text.LPS22HB_T_Init
                0x0800a98c       0x42 Drivers/BSP/Components/LPS22HB_Driver_HL.o
 .text.LPS22HB_T_DeInit
                0x0800a9ce       0x40 Drivers/BSP/Components/LPS22HB_Driver_HL.o
 .text.LPS22HB_T_Sensor_Enable
                0x0800aa0e       0x50 Drivers/BSP/Components/LPS22HB_Driver_HL.o
 .text.LPS22HB_T_Sensor_Disable
                0x0800aa5e       0x4e Drivers/BSP/Components/LPS22HB_Driver_HL.o
 .text.LPS22HB_T_Get_WhoAmI
                0x0800aaac       0x1c Drivers/BSP/Components/LPS22HB_Driver_HL.o
 .text.LPS22HB_T_Check_WhoAmI
                0x0800aac8       0x18 Drivers/BSP/Components/LPS22HB_Driver_HL.o
 .text.LPS22HB_T_Get_Temp
                0x0800aae0       0x1c Drivers/BSP/Components/LPS22HB_Driver_HL.o
 .text.LPS22HB_T_Get_ODR
                0x0800aafc       0x1c Drivers/BSP/Components/LPS22HB_Driver_HL.o
 .text.LPS22HB_T_Set_ODR
                0x0800ab18       0x54 Drivers/BSP/Components/LPS22HB_Driver_HL.o
 .text.LPS22HB_T_Set_ODR_Value
                0x0800ab6c       0x54 Drivers/BSP/Components/LPS22HB_Driver_HL.o
 .text.LPS22HB_T_Read_Reg
                0x0800abc0       0x2e Drivers/BSP/Components/LPS22HB_Driver_HL.o
 .text.LPS22HB_T_Write_Reg
                0x0800abee       0x30 Drivers/BSP/Components/LPS22HB_Driver_HL.o
 .text.LPS22HB_T_Get_DRDY_Status
                0x0800ac1e       0x30 Drivers/BSP/Components/LPS22HB_Driver_HL.o
 *fill*         0x0800ac4e        0x2 
 .text.LPS22HB_Initialize
                0x0800ac50       0xbc Drivers/BSP/Components/LPS22HB_Driver_HL.o
 .text.LPS22HB_Get_WhoAmI
                0x0800ad0c       0x26 Drivers/BSP/Components/LPS22HB_Driver_HL.o
 .text.LPS22HB_Check_WhoAmI
                0x0800ad32       0x3a Drivers/BSP/Components/LPS22HB_Driver_HL.o
 .text.LPS22HB_Get_Press
                0x0800ad6c       0x4c Drivers/BSP/Components/LPS22HB_Driver_HL.o
 .text.LPS22HB_Get_Temp
                0x0800adb8       0x48 Drivers/BSP/Components/LPS22HB_Driver_HL.o
 .text.LPS22HB_Get_ODR
                0x0800ae00       0xa0 Drivers/BSP/Components/LPS22HB_Driver_HL.o
 .text.LPS22HB_Set_ODR_When_Enabled
                0x0800aea0       0x88 Drivers/BSP/Components/LPS22HB_Driver_HL.o
 .text.LPS22HB_Set_ODR_When_Disabled
                0x0800af28       0x7c Drivers/BSP/Components/LPS22HB_Driver_HL.o
 .text.LPS22HB_Set_ODR_Value_When_Enabled
                0x0800afa4       0xa4 Drivers/BSP/Components/LPS22HB_Driver_HL.o
 .text.LPS22HB_Set_ODR_Value_When_Disabled
                0x0800b048       0x90 Drivers/BSP/Components/LPS22HB_Driver_HL.o
 .text.LPS22HB_Read_Reg
                0x0800b0d8       0x2e Drivers/BSP/Components/LPS22HB_Driver_HL.o
 .text.LPS22HB_Write_Reg
                0x0800b106       0x30 Drivers/BSP/Components/LPS22HB_Driver_HL.o
 .text.LPS22HB_FIFO_Get_Empty_Status
                0x0800b136       0x30 Drivers/BSP/Components/LPS22HB_Driver_HL.o
 .text.LPS22HB_FIFO_Get_Full_Status
                0x0800b166       0x30 Drivers/BSP/Components/LPS22HB_Driver_HL.o
 .text.LPS22HB_FIFO_Get_Ovr_Status
                0x0800b196       0x30 Drivers/BSP/Components/LPS22HB_Driver_HL.o
 .text.LPS22HB_FIFO_Get_Fth_Status
                0x0800b1c6       0x30 Drivers/BSP/Components/LPS22HB_Driver_HL.o
 .text.LPS22HB_FIFO_Stop_On_Fth
                0x0800b1f6       0x38 Drivers/BSP/Components/LPS22HB_Driver_HL.o
 .text.LPS22HB_FIFO_Usage
                0x0800b22e       0x38 Drivers/BSP/Components/LPS22HB_Driver_HL.o
 .text.LPS22HB_FIFO_Get_Num_Of_Samples
                0x0800b266       0x30 Drivers/BSP/Components/LPS22HB_Driver_HL.o
 .text.LPS22HB_FIFO_Get_Data
                0x0800b296       0x3a Drivers/BSP/Components/LPS22HB_Driver_HL.o
 .text.LPS22HB_FIFO_Get_Mode
                0x0800b2d0       0x30 Drivers/BSP/Components/LPS22HB_Driver_HL.o
 .text.LPS22HB_FIFO_Set_Mode
                0x0800b300       0x50 Drivers/BSP/Components/LPS22HB_Driver_HL.o
 .text.LPS22HB_FIFO_Get_Watermark_Level
                0x0800b350       0x26 Drivers/BSP/Components/LPS22HB_Driver_HL.o
 .text.LPS22HB_FIFO_Set_Watermark_Level
                0x0800b376       0x2a Drivers/BSP/Components/LPS22HB_Driver_HL.o
 .text.LPS22HB_FIFO_Watermark_Usage
                0x0800b3a0       0x38 Drivers/BSP/Components/LPS22HB_Driver_HL.o
 .text.LPS22HB_FIFO_Set_Interrupt
                0x0800b3d8       0x68 Drivers/BSP/Components/LPS22HB_Driver_HL.o
 .text.LPS22HB_FIFO_Reset_Interrupt
                0x0800b440       0x68 Drivers/BSP/Components/LPS22HB_Driver_HL.o
 .text.LSM303AGR_ACC_WriteReg
                0x0800b4a8       0x34 Drivers/BSP/Components/LSM303AGR_ACC_driver.o
                0x0800b4a8                LSM303AGR_ACC_WriteReg
 .text.LSM303AGR_ACC_ReadReg
                0x0800b4dc       0x34 Drivers/BSP/Components/LSM303AGR_ACC_driver.o
                0x0800b4dc                LSM303AGR_ACC_ReadReg
 .text.LSM303AGR_ACC_R_WHO_AM_I
                0x0800b510       0x3a Drivers/BSP/Components/LSM303AGR_ACC_driver.o
                0x0800b510                LSM303AGR_ACC_R_WHO_AM_I
 .text.LSM303AGR_ACC_W_BlockDataUpdate
                0x0800b54a       0x5a Drivers/BSP/Components/LSM303AGR_ACC_driver.o
                0x0800b54a                LSM303AGR_ACC_W_BlockDataUpdate
 .text.LSM303AGR_ACC_W_FullScale
                0x0800b5a4       0x5a Drivers/BSP/Components/LSM303AGR_ACC_driver.o
                0x0800b5a4                LSM303AGR_ACC_W_FullScale
 .text.LSM303AGR_ACC_R_FullScale
                0x0800b5fe       0x38 Drivers/BSP/Components/LSM303AGR_ACC_driver.o
                0x0800b5fe                LSM303AGR_ACC_R_FullScale
 .text.LSM303AGR_ACC_Get_Raw_Acceleration
                0x0800b636       0x2a Drivers/BSP/Components/LSM303AGR_ACC_driver.o
                0x0800b636                LSM303AGR_ACC_Get_Raw_Acceleration
 .text.LSM303AGR_ACC_Get_Acceleration
                0x0800b660      0x1d4 Drivers/BSP/Components/LSM303AGR_ACC_driver.o
                0x0800b660                LSM303AGR_ACC_Get_Acceleration
 .text.LSM303AGR_ACC_W_ODR
                0x0800b834       0x5a Drivers/BSP/Components/LSM303AGR_ACC_driver.o
                0x0800b834                LSM303AGR_ACC_W_ODR
 .text.LSM303AGR_ACC_R_ODR
                0x0800b88e       0x38 Drivers/BSP/Components/LSM303AGR_ACC_driver.o
                0x0800b88e                LSM303AGR_ACC_R_ODR
 .text.LSM303AGR_ACC_W_XEN
                0x0800b8c6       0x5a Drivers/BSP/Components/LSM303AGR_ACC_driver.o
                0x0800b8c6                LSM303AGR_ACC_W_XEN
 .text.LSM303AGR_ACC_R_XEN
                0x0800b920       0x38 Drivers/BSP/Components/LSM303AGR_ACC_driver.o
                0x0800b920                LSM303AGR_ACC_R_XEN
 .text.LSM303AGR_ACC_W_YEN
                0x0800b958       0x5a Drivers/BSP/Components/LSM303AGR_ACC_driver.o
                0x0800b958                LSM303AGR_ACC_W_YEN
 .text.LSM303AGR_ACC_R_YEN
                0x0800b9b2       0x38 Drivers/BSP/Components/LSM303AGR_ACC_driver.o
                0x0800b9b2                LSM303AGR_ACC_R_YEN
 .text.LSM303AGR_ACC_W_ZEN
                0x0800b9ea       0x5a Drivers/BSP/Components/LSM303AGR_ACC_driver.o
                0x0800b9ea                LSM303AGR_ACC_W_ZEN
 .text.LSM303AGR_ACC_R_ZEN
                0x0800ba44       0x38 Drivers/BSP/Components/LSM303AGR_ACC_driver.o
                0x0800ba44                LSM303AGR_ACC_R_ZEN
 .text.LSM303AGR_ACC_R_LOWPWR_EN
                0x0800ba7c       0x38 Drivers/BSP/Components/LSM303AGR_ACC_driver.o
                0x0800ba7c                LSM303AGR_ACC_R_LOWPWR_EN
 .text.LSM303AGR_ACC_R_HiRes
                0x0800bab4       0x38 Drivers/BSP/Components/LSM303AGR_ACC_driver.o
                0x0800bab4                LSM303AGR_ACC_R_HiRes
 .text.LSM303AGR_ACC_R_XDataAvail
                0x0800baec       0x38 Drivers/BSP/Components/LSM303AGR_ACC_driver.o
                0x0800baec                LSM303AGR_ACC_R_XDataAvail
 .text.LSM303AGR_ACC_W_FifoMode
                0x0800bb24       0x5a Drivers/BSP/Components/LSM303AGR_ACC_driver.o
                0x0800bb24                LSM303AGR_ACC_W_FifoMode
 *fill*         0x0800bb7e        0x2 
 .text.LSM303AGR_X_Init
                0x0800bb80       0xc0 Drivers/BSP/Components/LSM303AGR_ACC_driver_HL.o
 .text.LSM303AGR_X_DeInit
                0x0800bc40       0x58 Drivers/BSP/Components/LSM303AGR_ACC_driver_HL.o
 .text.LSM303AGR_X_Sensor_Enable
                0x0800bc98       0x4a Drivers/BSP/Components/LSM303AGR_ACC_driver_HL.o
 .text.LSM303AGR_X_Sensor_Disable
                0x0800bce2       0x58 Drivers/BSP/Components/LSM303AGR_ACC_driver_HL.o
 .text.LSM303AGR_X_Get_WhoAmI
                0x0800bd3a       0x26 Drivers/BSP/Components/LSM303AGR_ACC_driver_HL.o
 .text.LSM303AGR_X_Check_WhoAmI
                0x0800bd60       0x3a Drivers/BSP/Components/LSM303AGR_ACC_driver_HL.o
 .text.LSM303AGR_X_Get_Axes
                0x0800bd9a       0x3c Drivers/BSP/Components/LSM303AGR_ACC_driver_HL.o
 .text.LSM303AGR_X_Get_AxesRaw
                0x0800bdd6       0x42 Drivers/BSP/Components/LSM303AGR_ACC_driver_HL.o
 .text.LSM303AGR_X_Get_Sensitivity
                0x0800be18       0x88 Drivers/BSP/Components/LSM303AGR_ACC_driver_HL.o
 .text.LSM303AGR_X_Get_ODR
                0x0800bea0       0xc4 Drivers/BSP/Components/LSM303AGR_ACC_driver_HL.o
 .text.LSM303AGR_X_Set_ODR
                0x0800bf64       0x46 Drivers/BSP/Components/LSM303AGR_ACC_driver_HL.o
 .text.LSM303AGR_X_Set_ODR_Value
                0x0800bfaa       0x46 Drivers/BSP/Components/LSM303AGR_ACC_driver_HL.o
 .text.LSM303AGR_X_Get_FS
                0x0800bff0       0x7c Drivers/BSP/Components/LSM303AGR_ACC_driver_HL.o
 .text.LSM303AGR_X_Set_FS
                0x0800c06c       0x4e Drivers/BSP/Components/LSM303AGR_ACC_driver_HL.o
 .text.LSM303AGR_X_Set_FS_Value
                0x0800c0ba       0x70 Drivers/BSP/Components/LSM303AGR_ACC_driver_HL.o
 .text.LSM303AGR_X_Get_Axes_Status
                0x0800c12a       0x8c Drivers/BSP/Components/LSM303AGR_ACC_driver_HL.o
 .text.LSM303AGR_X_Set_Axes_Status
                0x0800c1b6       0x78 Drivers/BSP/Components/LSM303AGR_ACC_driver_HL.o
 .text.LSM303AGR_X_Read_Reg
                0x0800c22e       0x2e Drivers/BSP/Components/LSM303AGR_ACC_driver_HL.o
 .text.LSM303AGR_X_Write_Reg
                0x0800c25c       0x30 Drivers/BSP/Components/LSM303AGR_ACC_driver_HL.o
 .text.LSM303AGR_X_Get_DRDY_Status
                0x0800c28c       0x48 Drivers/BSP/Components/LSM303AGR_ACC_driver_HL.o
 .text.LSM303AGR_X_Get_Axes_Raw
                0x0800c2d4       0xca Drivers/BSP/Components/LSM303AGR_ACC_driver_HL.o
 *fill*         0x0800c39e        0x2 
 .text.LSM303AGR_X_Set_ODR_When_Enabled
                0x0800c3a0       0x6c Drivers/BSP/Components/LSM303AGR_ACC_driver_HL.o
 .text.LSM303AGR_X_Set_ODR_When_Disabled
                0x0800c40c       0x84 Drivers/BSP/Components/LSM303AGR_ACC_driver_HL.o
 .text.LSM303AGR_X_Set_ODR_Value_When_Enabled
                0x0800c490       0xc0 Drivers/BSP/Components/LSM303AGR_ACC_driver_HL.o
 .text.LSM303AGR_X_Set_ODR_Value_When_Disabled
                0x0800c550       0xd8 Drivers/BSP/Components/LSM303AGR_ACC_driver_HL.o
 .text.LSM303AGR_X_Get_Sensitivity_Normal_Mode
                0x0800c628       0x84 Drivers/BSP/Components/LSM303AGR_ACC_driver_HL.o
 .text.LSM303AGR_X_Get_Sensitivity_LP_Mode
                0x0800c6ac       0x84 Drivers/BSP/Components/LSM303AGR_ACC_driver_HL.o
 .text.LSM303AGR_X_Get_Sensitivity_HR_Mode
                0x0800c730       0x84 Drivers/BSP/Components/LSM303AGR_ACC_driver_HL.o
 .text.LSM303AGR_MAG_WriteReg
                0x0800c7b4       0x34 Drivers/BSP/Components/LSM303AGR_MAG_driver.o
                0x0800c7b4                LSM303AGR_MAG_WriteReg
 .text.LSM303AGR_MAG_ReadReg
                0x0800c7e8       0x34 Drivers/BSP/Components/LSM303AGR_MAG_driver.o
                0x0800c7e8                LSM303AGR_MAG_ReadReg
 .text.LSM303AGR_MAG_R_WHO_AM_I
                0x0800c81c       0x3a Drivers/BSP/Components/LSM303AGR_MAG_driver.o
                0x0800c81c                LSM303AGR_MAG_R_WHO_AM_I
 .text.LSM303AGR_MAG_W_BDU
                0x0800c856       0x5a Drivers/BSP/Components/LSM303AGR_MAG_driver.o
                0x0800c856                LSM303AGR_MAG_W_BDU
 .text.LSM303AGR_MAG_W_MD
                0x0800c8b0       0x5a Drivers/BSP/Components/LSM303AGR_MAG_driver.o
                0x0800c8b0                LSM303AGR_MAG_W_MD
 .text.LSM303AGR_MAG_Get_Raw_Magnetic
                0x0800c90a       0x2a Drivers/BSP/Components/LSM303AGR_MAG_driver.o
                0x0800c90a                LSM303AGR_MAG_Get_Raw_Magnetic
 .text.LSM303AGR_MAG_W_ODR
                0x0800c934       0x5a Drivers/BSP/Components/LSM303AGR_MAG_driver.o
                0x0800c934                LSM303AGR_MAG_W_ODR
 .text.LSM303AGR_MAG_R_ODR
                0x0800c98e       0x38 Drivers/BSP/Components/LSM303AGR_MAG_driver.o
                0x0800c98e                LSM303AGR_MAG_R_ODR
 .text.LSM303AGR_MAG_W_ST
                0x0800c9c6       0x5a Drivers/BSP/Components/LSM303AGR_MAG_driver.o
                0x0800c9c6                LSM303AGR_MAG_W_ST
 .text.LSM303AGR_MAG_W_I2C_DIS
                0x0800ca20       0x5a Drivers/BSP/Components/LSM303AGR_MAG_driver.o
                0x0800ca20                LSM303AGR_MAG_W_I2C_DIS
 .text.LSM303AGR_MAG_R_ZYXDA
                0x0800ca7a       0x38 Drivers/BSP/Components/LSM303AGR_MAG_driver.o
                0x0800ca7a                LSM303AGR_MAG_R_ZYXDA
 .text.LSM303AGR_M_Init
                0x0800cab2       0x9a Drivers/BSP/Components/LSM303AGR_MAG_driver_HL.o
 .text.LSM303AGR_M_DeInit
                0x0800cb4c       0x50 Drivers/BSP/Components/LSM303AGR_MAG_driver_HL.o
 .text.LSM303AGR_M_Sensor_Enable
                0x0800cb9c       0x36 Drivers/BSP/Components/LSM303AGR_MAG_driver_HL.o
 .text.LSM303AGR_M_Sensor_Disable
                0x0800cbd2       0x36 Drivers/BSP/Components/LSM303AGR_MAG_driver_HL.o
 .text.LSM303AGR_M_Get_WhoAmI
                0x0800cc08       0x26 Drivers/BSP/Components/LSM303AGR_MAG_driver_HL.o
 .text.LSM303AGR_M_Check_WhoAmI
                0x0800cc2e       0x3a Drivers/BSP/Components/LSM303AGR_MAG_driver_HL.o
 .text.LSM303AGR_M_Get_Axes
                0x0800cc68       0xa6 Drivers/BSP/Components/LSM303AGR_MAG_driver_HL.o
 .text.LSM303AGR_M_Get_AxesRaw
                0x0800cd0e       0x42 Drivers/BSP/Components/LSM303AGR_MAG_driver_HL.o
 .text.LSM303AGR_M_Get_Sensitivity
                0x0800cd50       0x20 Drivers/BSP/Components/LSM303AGR_MAG_driver_HL.o
 .text.LSM303AGR_M_Get_ODR
                0x0800cd70       0xa8 Drivers/BSP/Components/LSM303AGR_MAG_driver_HL.o
 .text.LSM303AGR_M_Set_ODR
                0x0800ce18       0x6c Drivers/BSP/Components/LSM303AGR_MAG_driver_HL.o
 .text.LSM303AGR_M_Set_ODR_Value
                0x0800ce84       0x74 Drivers/BSP/Components/LSM303AGR_MAG_driver_HL.o
 .text.LSM303AGR_M_Get_FS
                0x0800cef8       0x24 Drivers/BSP/Components/LSM303AGR_MAG_driver_HL.o
 .text.LSM303AGR_M_Set_FS
                0x0800cf1c       0x1a Drivers/BSP/Components/LSM303AGR_MAG_driver_HL.o
 .text.LSM303AGR_M_Set_FS_Value
                0x0800cf36       0x1a Drivers/BSP/Components/LSM303AGR_MAG_driver_HL.o
 .text.LSM303AGR_M_Read_Reg
                0x0800cf50       0x2e Drivers/BSP/Components/LSM303AGR_MAG_driver_HL.o
 .text.LSM303AGR_M_Write_Reg
                0x0800cf7e       0x30 Drivers/BSP/Components/LSM303AGR_MAG_driver_HL.o
 .text.LSM303AGR_M_Get_DRDY_Status
                0x0800cfae       0x48 Drivers/BSP/Components/LSM303AGR_MAG_driver_HL.o
 .text.LSM303AGR_M_Get_Axes_Raw
                0x0800cff6       0x5c Drivers/BSP/Components/LSM303AGR_MAG_driver_HL.o
 .text.LSM6DSM_ACC_GYRO_ReadReg
                0x0800d052       0x2e Drivers/BSP/Components/LSM6DSM_ACC_GYRO_driver.o
                0x0800d052                LSM6DSM_ACC_GYRO_ReadReg
 .text.LSM6DSM_ACC_GYRO_WriteReg
                0x0800d080       0x30 Drivers/BSP/Components/LSM6DSM_ACC_GYRO_driver.o
                0x0800d080                LSM6DSM_ACC_GYRO_WriteReg
 .text.LSM6DSM_ACC_GYRO_W_EmbeddedAccess
                0x0800d0b0       0x58 Drivers/BSP/Components/LSM6DSM_ACC_GYRO_driver.o
                0x0800d0b0                LSM6DSM_ACC_GYRO_W_EmbeddedAccess
 .text.LSM6DSM_ACC_GYRO_W_FIFO_MODE
                0x0800d108       0x58 Drivers/BSP/Components/LSM6DSM_ACC_GYRO_driver.o
                0x0800d108                LSM6DSM_ACC_GYRO_W_FIFO_MODE
 .text.LSM6DSM_ACC_GYRO_W_STEP_DELTA_on_INT2
                0x0800d160       0x58 Drivers/BSP/Components/LSM6DSM_ACC_GYRO_driver.o
                0x0800d160                LSM6DSM_ACC_GYRO_W_STEP_DELTA_on_INT2
 .text.LSM6DSM_ACC_GYRO_R_WHO_AM_I
                0x0800d1b8       0x38 Drivers/BSP/Components/LSM6DSM_ACC_GYRO_driver.o
                0x0800d1b8                LSM6DSM_ACC_GYRO_R_WHO_AM_I
 .text.LSM6DSM_ACC_GYRO_W_FS_XL
                0x0800d1f0       0x58 Drivers/BSP/Components/LSM6DSM_ACC_GYRO_driver.o
                0x0800d1f0                LSM6DSM_ACC_GYRO_W_FS_XL
 .text.LSM6DSM_ACC_GYRO_R_FS_XL
                0x0800d248       0x36 Drivers/BSP/Components/LSM6DSM_ACC_GYRO_driver.o
                0x0800d248                LSM6DSM_ACC_GYRO_R_FS_XL
 .text.LSM6DSM_ACC_GYRO_W_ODR_XL
                0x0800d27e       0x58 Drivers/BSP/Components/LSM6DSM_ACC_GYRO_driver.o
                0x0800d27e                LSM6DSM_ACC_GYRO_W_ODR_XL
 .text.LSM6DSM_ACC_GYRO_R_ODR_XL
                0x0800d2d6       0x36 Drivers/BSP/Components/LSM6DSM_ACC_GYRO_driver.o
                0x0800d2d6                LSM6DSM_ACC_GYRO_R_ODR_XL
 .text.LSM6DSM_ACC_GYRO_W_FS_125
                0x0800d30c       0x58 Drivers/BSP/Components/LSM6DSM_ACC_GYRO_driver.o
                0x0800d30c                LSM6DSM_ACC_GYRO_W_FS_125
 .text.LSM6DSM_ACC_GYRO_R_FS_125
                0x0800d364       0x36 Drivers/BSP/Components/LSM6DSM_ACC_GYRO_driver.o
                0x0800d364                LSM6DSM_ACC_GYRO_R_FS_125
 .text.LSM6DSM_ACC_GYRO_W_FS_G
                0x0800d39a       0x58 Drivers/BSP/Components/LSM6DSM_ACC_GYRO_driver.o
                0x0800d39a                LSM6DSM_ACC_GYRO_W_FS_G
 .text.LSM6DSM_ACC_GYRO_R_FS_G
                0x0800d3f2       0x36 Drivers/BSP/Components/LSM6DSM_ACC_GYRO_driver.o
                0x0800d3f2                LSM6DSM_ACC_GYRO_R_FS_G
 .text.LSM6DSM_ACC_GYRO_W_ODR_G
                0x0800d428       0x58 Drivers/BSP/Components/LSM6DSM_ACC_GYRO_driver.o
                0x0800d428                LSM6DSM_ACC_GYRO_W_ODR_G
 .text.LSM6DSM_ACC_GYRO_R_ODR_G
                0x0800d480       0x36 Drivers/BSP/Components/LSM6DSM_ACC_GYRO_driver.o
                0x0800d480                LSM6DSM_ACC_GYRO_R_ODR_G
 .text.LSM6DSM_ACC_GYRO_W_IF_Addr_Incr
                0x0800d4b6       0x58 Drivers/BSP/Components/LSM6DSM_ACC_GYRO_driver.o
                0x0800d4b6                LSM6DSM_ACC_GYRO_W_IF_Addr_Incr
 .text.LSM6DSM_ACC_GYRO_W_BDU
                0x0800d50e       0x58 Drivers/BSP/Components/LSM6DSM_ACC_GYRO_driver.o
                0x0800d50e                LSM6DSM_ACC_GYRO_W_BDU
 .text.LSM6DSM_ACC_GYRO_W_I2C_DISABLE
                0x0800d566       0x58 Drivers/BSP/Components/LSM6DSM_ACC_GYRO_driver.o
                0x0800d566                LSM6DSM_ACC_GYRO_W_I2C_DISABLE
 .text.LSM6DSM_ACC_GYRO_W_PedoStepReset
                0x0800d5be       0x58 Drivers/BSP/Components/LSM6DSM_ACC_GYRO_driver.o
                0x0800d5be                LSM6DSM_ACC_GYRO_W_PedoStepReset
 .text.LSM6DSM_ACC_GYRO_W_TILT
                0x0800d616       0x58 Drivers/BSP/Components/LSM6DSM_ACC_GYRO_driver.o
                0x0800d616                LSM6DSM_ACC_GYRO_W_TILT
 .text.LSM6DSM_ACC_GYRO_W_PEDO
                0x0800d66e       0x58 Drivers/BSP/Components/LSM6DSM_ACC_GYRO_driver.o
                0x0800d66e                LSM6DSM_ACC_GYRO_W_PEDO
 .text.LSM6DSM_ACC_GYRO_W_FUNC_EN
                0x0800d6c6       0x58 Drivers/BSP/Components/LSM6DSM_ACC_GYRO_driver.o
                0x0800d6c6                LSM6DSM_ACC_GYRO_W_FUNC_EN
 .text.LSM6DSM_ACC_GYRO_R_WU_EV_STATUS
                0x0800d71e       0x36 Drivers/BSP/Components/LSM6DSM_ACC_GYRO_driver.o
                0x0800d71e                LSM6DSM_ACC_GYRO_R_WU_EV_STATUS
 .text.LSM6DSM_ACC_GYRO_R_FF_EV_STATUS
                0x0800d754       0x36 Drivers/BSP/Components/LSM6DSM_ACC_GYRO_driver.o
                0x0800d754                LSM6DSM_ACC_GYRO_R_FF_EV_STATUS
 .text.LSM6DSM_ACC_GYRO_R_DOUBLE_TAP_EV_STATUS
                0x0800d78a       0x36 Drivers/BSP/Components/LSM6DSM_ACC_GYRO_driver.o
                0x0800d78a                LSM6DSM_ACC_GYRO_R_DOUBLE_TAP_EV_STATUS
 .text.LSM6DSM_ACC_GYRO_R_SINGLE_TAP_EV_STATUS
                0x0800d7c0       0x36 Drivers/BSP/Components/LSM6DSM_ACC_GYRO_driver.o
                0x0800d7c0                LSM6DSM_ACC_GYRO_R_SINGLE_TAP_EV_STATUS
 .text.LSM6DSM_ACC_GYRO_R_DSD_XL
                0x0800d7f6       0x36 Drivers/BSP/Components/LSM6DSM_ACC_GYRO_driver.o
                0x0800d7f6                LSM6DSM_ACC_GYRO_R_DSD_XL
 .text.LSM6DSM_ACC_GYRO_R_DSD_XH
                0x0800d82c       0x36 Drivers/BSP/Components/LSM6DSM_ACC_GYRO_driver.o
                0x0800d82c                LSM6DSM_ACC_GYRO_R_DSD_XH
 .text.LSM6DSM_ACC_GYRO_R_DSD_YL
                0x0800d862       0x36 Drivers/BSP/Components/LSM6DSM_ACC_GYRO_driver.o
                0x0800d862                LSM6DSM_ACC_GYRO_R_DSD_YL
 .text.LSM6DSM_ACC_GYRO_R_DSD_YH
                0x0800d898       0x36 Drivers/BSP/Components/LSM6DSM_ACC_GYRO_driver.o
                0x0800d898                LSM6DSM_ACC_GYRO_R_DSD_YH
 .text.LSM6DSM_ACC_GYRO_R_DSD_ZL
                0x0800d8ce       0x36 Drivers/BSP/Components/LSM6DSM_ACC_GYRO_driver.o
                0x0800d8ce                LSM6DSM_ACC_GYRO_R_DSD_ZL
 .text.LSM6DSM_ACC_GYRO_R_DSD_ZH
                0x0800d904       0x36 Drivers/BSP/Components/LSM6DSM_ACC_GYRO_driver.o
                0x0800d904                LSM6DSM_ACC_GYRO_R_DSD_ZH
 .text.LSM6DSM_ACC_GYRO_R_D6D_EV_STATUS
                0x0800d93a       0x36 Drivers/BSP/Components/LSM6DSM_ACC_GYRO_driver.o
                0x0800d93a                LSM6DSM_ACC_GYRO_R_D6D_EV_STATUS
 .text.LSM6DSM_ACC_GYRO_R_XLDA
                0x0800d970       0x36 Drivers/BSP/Components/LSM6DSM_ACC_GYRO_driver.o
                0x0800d970                LSM6DSM_ACC_GYRO_R_XLDA
 .text.LSM6DSM_ACC_GYRO_R_GDA
                0x0800d9a6       0x36 Drivers/BSP/Components/LSM6DSM_ACC_GYRO_driver.o
                0x0800d9a6                LSM6DSM_ACC_GYRO_R_GDA
 .text.LSM6DSM_ACC_GYRO_R_PEDO_EV_STATUS
                0x0800d9dc       0x36 Drivers/BSP/Components/LSM6DSM_ACC_GYRO_driver.o
                0x0800d9dc                LSM6DSM_ACC_GYRO_R_PEDO_EV_STATUS
 .text.LSM6DSM_ACC_GYRO_R_TILT_EV_STATUS
                0x0800da12       0x36 Drivers/BSP/Components/LSM6DSM_ACC_GYRO_driver.o
                0x0800da12                LSM6DSM_ACC_GYRO_R_TILT_EV_STATUS
 .text.LSM6DSM_ACC_GYRO_W_TAP_Z_EN
                0x0800da48       0x58 Drivers/BSP/Components/LSM6DSM_ACC_GYRO_driver.o
                0x0800da48                LSM6DSM_ACC_GYRO_W_TAP_Z_EN
 .text.LSM6DSM_ACC_GYRO_W_TAP_Y_EN
                0x0800daa0       0x58 Drivers/BSP/Components/LSM6DSM_ACC_GYRO_driver.o
                0x0800daa0                LSM6DSM_ACC_GYRO_W_TAP_Y_EN
 .text.LSM6DSM_ACC_GYRO_W_TAP_X_EN
                0x0800daf8       0x58 Drivers/BSP/Components/LSM6DSM_ACC_GYRO_driver.o
                0x0800daf8                LSM6DSM_ACC_GYRO_W_TAP_X_EN
 .text.LSM6DSM_ACC_GYRO_W_BASIC_INT
                0x0800db50       0x58 Drivers/BSP/Components/LSM6DSM_ACC_GYRO_driver.o
                0x0800db50                LSM6DSM_ACC_GYRO_W_BASIC_INT
 .text.LSM6DSM_ACC_GYRO_W_TAP_THS
                0x0800dba8       0x60 Drivers/BSP/Components/LSM6DSM_ACC_GYRO_driver.o
                0x0800dba8                LSM6DSM_ACC_GYRO_W_TAP_THS
 .text.LSM6DSM_ACC_GYRO_W_SIXD_THS
                0x0800dc08       0x58 Drivers/BSP/Components/LSM6DSM_ACC_GYRO_driver.o
                0x0800dc08                LSM6DSM_ACC_GYRO_W_SIXD_THS
 .text.LSM6DSM_ACC_GYRO_W_SHOCK_Duration
                0x0800dc60       0x60 Drivers/BSP/Components/LSM6DSM_ACC_GYRO_driver.o
                0x0800dc60                LSM6DSM_ACC_GYRO_W_SHOCK_Duration
 .text.LSM6DSM_ACC_GYRO_W_QUIET_Duration
                0x0800dcc0       0x66 Drivers/BSP/Components/LSM6DSM_ACC_GYRO_driver.o
                0x0800dcc0                LSM6DSM_ACC_GYRO_W_QUIET_Duration
 .text.LSM6DSM_ACC_GYRO_W_DUR
                0x0800dd26       0x66 Drivers/BSP/Components/LSM6DSM_ACC_GYRO_driver.o
                0x0800dd26                LSM6DSM_ACC_GYRO_W_DUR
 .text.LSM6DSM_ACC_GYRO_W_WK_THS
                0x0800dd8c       0x60 Drivers/BSP/Components/LSM6DSM_ACC_GYRO_driver.o
                0x0800dd8c                LSM6DSM_ACC_GYRO_W_WK_THS
 .text.LSM6DSM_ACC_GYRO_W_SINGLE_DOUBLE_TAP_EV
                0x0800ddec       0x58 Drivers/BSP/Components/LSM6DSM_ACC_GYRO_driver.o
                0x0800ddec                LSM6DSM_ACC_GYRO_W_SINGLE_DOUBLE_TAP_EV
 .text.LSM6DSM_ACC_GYRO_W_SLEEP_DUR
                0x0800de44       0x60 Drivers/BSP/Components/LSM6DSM_ACC_GYRO_driver.o
                0x0800de44                LSM6DSM_ACC_GYRO_W_SLEEP_DUR
 .text.LSM6DSM_ACC_GYRO_W_TIMER_HR
                0x0800dea4       0x58 Drivers/BSP/Components/LSM6DSM_ACC_GYRO_driver.o
                0x0800dea4                LSM6DSM_ACC_GYRO_W_TIMER_HR
 .text.LSM6DSM_ACC_GYRO_W_WAKE_DUR
                0x0800defc       0x66 Drivers/BSP/Components/LSM6DSM_ACC_GYRO_driver.o
                0x0800defc                LSM6DSM_ACC_GYRO_W_WAKE_DUR
 .text.LSM6DSM_ACC_GYRO_W_FF_THS
                0x0800df62       0x58 Drivers/BSP/Components/LSM6DSM_ACC_GYRO_driver.o
                0x0800df62                LSM6DSM_ACC_GYRO_W_FF_THS
 .text.LSM6DSM_ACC_GYRO_W_FF_Duration
                0x0800dfba       0xca Drivers/BSP/Components/LSM6DSM_ACC_GYRO_driver.o
                0x0800dfba                LSM6DSM_ACC_GYRO_W_FF_Duration
 .text.LSM6DSM_ACC_GYRO_W_TiltEvOnInt2
                0x0800e084       0x58 Drivers/BSP/Components/LSM6DSM_ACC_GYRO_driver.o
                0x0800e084                LSM6DSM_ACC_GYRO_W_TiltEvOnInt2
 .text.LSM6DSM_ACC_GYRO_W_6DEvOnInt2
                0x0800e0dc       0x58 Drivers/BSP/Components/LSM6DSM_ACC_GYRO_driver.o
                0x0800e0dc                LSM6DSM_ACC_GYRO_W_6DEvOnInt2
 .text.LSM6DSM_ACC_GYRO_W_TapEvOnInt2
                0x0800e134       0x58 Drivers/BSP/Components/LSM6DSM_ACC_GYRO_driver.o
                0x0800e134                LSM6DSM_ACC_GYRO_W_TapEvOnInt2
 .text.LSM6DSM_ACC_GYRO_W_FFEvOnInt2
                0x0800e18c       0x58 Drivers/BSP/Components/LSM6DSM_ACC_GYRO_driver.o
                0x0800e18c                LSM6DSM_ACC_GYRO_W_FFEvOnInt2
 .text.LSM6DSM_ACC_GYRO_W_WUEvOnInt2
                0x0800e1e4       0x58 Drivers/BSP/Components/LSM6DSM_ACC_GYRO_driver.o
                0x0800e1e4                LSM6DSM_ACC_GYRO_W_WUEvOnInt2
 .text.LSM6DSM_ACC_GYRO_W_SingleTapOnInt2
                0x0800e23c       0x58 Drivers/BSP/Components/LSM6DSM_ACC_GYRO_driver.o
                0x0800e23c                LSM6DSM_ACC_GYRO_W_SingleTapOnInt2
 .text.LSM6DSM_ACC_GYRO_GetRawGyroData
                0x0800e294       0x66 Drivers/BSP/Components/LSM6DSM_ACC_GYRO_driver.o
                0x0800e294                LSM6DSM_ACC_GYRO_GetRawGyroData
 .text.LSM6DSM_ACC_GYRO_GetRawAccData
                0x0800e2fa       0x66 Drivers/BSP/Components/LSM6DSM_ACC_GYRO_driver.o
                0x0800e2fa                LSM6DSM_ACC_GYRO_GetRawAccData
 .text.LSM6DSM_ACC_GYRO_Get_GetStepCounter
                0x0800e360       0x66 Drivers/BSP/Components/LSM6DSM_ACC_GYRO_driver.o
                0x0800e360                LSM6DSM_ACC_GYRO_Get_GetStepCounter
 .text.LSM6DSM_ACC_GYRO_W_PedoThreshold
                0x0800e3c6       0x88 Drivers/BSP/Components/LSM6DSM_ACC_GYRO_driver.o
                0x0800e3c6                LSM6DSM_ACC_GYRO_W_PedoThreshold
 *fill*         0x0800e44e        0x2 
 .text.LSM6DSM_X_Init
                0x0800e450       0xa4 Drivers/BSP/Components/LSM6DSM_ACC_GYRO_driver_HL.o
 .text.LSM6DSM_X_DeInit
                0x0800e4f4       0xc8 Drivers/BSP/Components/LSM6DSM_ACC_GYRO_driver_HL.o
 .text.LSM6DSM_X_Sensor_Enable
                0x0800e5bc       0x4a Drivers/BSP/Components/LSM6DSM_ACC_GYRO_driver_HL.o
 .text.LSM6DSM_X_Sensor_Disable
                0x0800e606       0x58 Drivers/BSP/Components/LSM6DSM_ACC_GYRO_driver_HL.o
 .text.LSM6DSM_X_Get_WhoAmI
                0x0800e65e       0x1c Drivers/BSP/Components/LSM6DSM_ACC_GYRO_driver_HL.o
 .text.LSM6DSM_X_Check_WhoAmI
                0x0800e67a       0x18 Drivers/BSP/Components/LSM6DSM_ACC_GYRO_driver_HL.o
 .text.LSM6DSM_X_Get_Axes
                0x0800e692       0xa6 Drivers/BSP/Components/LSM6DSM_ACC_GYRO_driver_HL.o
 .text.LSM6DSM_X_Get_AxesRaw
                0x0800e738       0x42 Drivers/BSP/Components/LSM6DSM_ACC_GYRO_driver_HL.o
 *fill*         0x0800e77a        0x2 
 .text.LSM6DSM_X_Get_Sensitivity
                0x0800e77c       0xa8 Drivers/BSP/Components/LSM6DSM_ACC_GYRO_driver_HL.o
 .text.LSM6DSM_X_Get_ODR
                0x0800e824       0xfc Drivers/BSP/Components/LSM6DSM_ACC_GYRO_driver_HL.o
 .text.LSM6DSM_X_Set_ODR
                0x0800e920       0x46 Drivers/BSP/Components/LSM6DSM_ACC_GYRO_driver_HL.o
 .text.LSM6DSM_X_Set_ODR_Value
                0x0800e966       0x46 Drivers/BSP/Components/LSM6DSM_ACC_GYRO_driver_HL.o
 .text.LSM6DSM_X_Get_FS
                0x0800e9ac       0xa0 Drivers/BSP/Components/LSM6DSM_ACC_GYRO_driver_HL.o
 .text.LSM6DSM_X_Set_FS
                0x0800ea4c       0x4e Drivers/BSP/Components/LSM6DSM_ACC_GYRO_driver_HL.o
 .text.LSM6DSM_X_Set_FS_Value
                0x0800ea9a       0x70 Drivers/BSP/Components/LSM6DSM_ACC_GYRO_driver_HL.o
 *fill*         0x0800eb0a        0x2 
 .text.LSM6DSM_G_Init
                0x0800eb0c       0xa4 Drivers/BSP/Components/LSM6DSM_ACC_GYRO_driver_HL.o
 .text.LSM6DSM_G_DeInit
                0x0800ebb0       0x58 Drivers/BSP/Components/LSM6DSM_ACC_GYRO_driver_HL.o
 .text.LSM6DSM_G_Sensor_Enable
                0x0800ec08       0x4a Drivers/BSP/Components/LSM6DSM_ACC_GYRO_driver_HL.o
 .text.LSM6DSM_G_Sensor_Disable
                0x0800ec52       0x58 Drivers/BSP/Components/LSM6DSM_ACC_GYRO_driver_HL.o
 .text.LSM6DSM_G_Get_WhoAmI
                0x0800ecaa       0x1c Drivers/BSP/Components/LSM6DSM_ACC_GYRO_driver_HL.o
 .text.LSM6DSM_G_Check_WhoAmI
                0x0800ecc6       0x18 Drivers/BSP/Components/LSM6DSM_ACC_GYRO_driver_HL.o
 .text.LSM6DSM_G_Get_Axes
                0x0800ecde       0xa6 Drivers/BSP/Components/LSM6DSM_ACC_GYRO_driver_HL.o
 .text.LSM6DSM_G_Get_AxesRaw
                0x0800ed84       0x42 Drivers/BSP/Components/LSM6DSM_ACC_GYRO_driver_HL.o
 *fill*         0x0800edc6        0x2 
 .text.LSM6DSM_G_Get_Sensitivity
                0x0800edc8       0xd0 Drivers/BSP/Components/LSM6DSM_ACC_GYRO_driver_HL.o
 .text.LSM6DSM_G_Get_ODR
                0x0800ee98       0xfc Drivers/BSP/Components/LSM6DSM_ACC_GYRO_driver_HL.o
 .text.LSM6DSM_G_Set_ODR
                0x0800ef94       0x46 Drivers/BSP/Components/LSM6DSM_ACC_GYRO_driver_HL.o
 .text.LSM6DSM_G_Set_ODR_Value
                0x0800efda       0x46 Drivers/BSP/Components/LSM6DSM_ACC_GYRO_driver_HL.o
 .text.LSM6DSM_G_Get_FS
                0x0800f020       0xd0 Drivers/BSP/Components/LSM6DSM_ACC_GYRO_driver_HL.o
 .text.LSM6DSM_G_Set_FS
                0x0800f0f0       0x4e Drivers/BSP/Components/LSM6DSM_ACC_GYRO_driver_HL.o
 *fill*         0x0800f13e        0x2 
 .text.LSM6DSM_G_Set_FS_Value
                0x0800f140       0xb8 Drivers/BSP/Components/LSM6DSM_ACC_GYRO_driver_HL.o
 .text.LSM6DSM_Get_WhoAmI
                0x0800f1f8       0x26 Drivers/BSP/Components/LSM6DSM_ACC_GYRO_driver_HL.o
 .text.LSM6DSM_Check_WhoAmI
                0x0800f21e       0x3a Drivers/BSP/Components/LSM6DSM_ACC_GYRO_driver_HL.o
 .text.LSM6DSM_X_Get_Axes_Raw
                0x0800f258       0x7a Drivers/BSP/Components/LSM6DSM_ACC_GYRO_driver_HL.o
 *fill*         0x0800f2d2        0x2 
 .text.LSM6DSM_X_Set_ODR_When_Enabled
                0x0800f2d4       0x6c Drivers/BSP/Components/LSM6DSM_ACC_GYRO_driver_HL.o
 .text.LSM6DSM_X_Set_ODR_When_Disabled
                0x0800f340       0x84 Drivers/BSP/Components/LSM6DSM_ACC_GYRO_driver_HL.o
 .text.LSM6DSM_X_Set_ODR_Value_When_Enabled
                0x0800f3c4      0x110 Drivers/BSP/Components/LSM6DSM_ACC_GYRO_driver_HL.o
 .text.LSM6DSM_X_Set_ODR_Value_When_Disabled
                0x0800f4d4      0x138 Drivers/BSP/Components/LSM6DSM_ACC_GYRO_driver_HL.o
 .text.LSM6DSM_G_Get_Axes_Raw
                0x0800f60c       0x7a Drivers/BSP/Components/LSM6DSM_ACC_GYRO_driver_HL.o
 *fill*         0x0800f686        0x2 
 .text.LSM6DSM_G_Set_ODR_When_Enabled
                0x0800f688       0x6c Drivers/BSP/Components/LSM6DSM_ACC_GYRO_driver_HL.o
 .text.LSM6DSM_G_Set_ODR_When_Disabled
                0x0800f6f4       0x84 Drivers/BSP/Components/LSM6DSM_ACC_GYRO_driver_HL.o
 .text.LSM6DSM_G_Set_ODR_Value_When_Enabled
                0x0800f778      0x110 Drivers/BSP/Components/LSM6DSM_ACC_GYRO_driver_HL.o
 .text.LSM6DSM_G_Set_ODR_Value_When_Disabled
                0x0800f888      0x138 Drivers/BSP/Components/LSM6DSM_ACC_GYRO_driver_HL.o
 .text.LSM6DSM_X_Enable_Free_Fall_Detection
                0x0800f9c0       0xbc Drivers/BSP/Components/LSM6DSM_ACC_GYRO_driver_HL.o
 .text.LSM6DSM_X_Disable_Free_Fall_Detection
                0x0800fa7c       0x5a Drivers/BSP/Components/LSM6DSM_ACC_GYRO_driver_HL.o
 .text.LSM6DSM_X_Get_Free_Fall_Detection_Status
                0x0800fad6       0x48 Drivers/BSP/Components/LSM6DSM_ACC_GYRO_driver_HL.o
 .text.LSM6DSM_X_Set_Free_Fall_Threshold
                0x0800fb1e       0x2a Drivers/BSP/Components/LSM6DSM_ACC_GYRO_driver_HL.o
 .text.LSM6DSM_X_Enable_Pedometer
                0x0800fb48       0x80 Drivers/BSP/Components/LSM6DSM_ACC_GYRO_driver_HL.o
 .text.LSM6DSM_X_Disable_Pedometer
                0x0800fbc8       0x5a Drivers/BSP/Components/LSM6DSM_ACC_GYRO_driver_HL.o
 .text.LSM6DSM_X_Get_Pedometer_Status
                0x0800fc22       0x48 Drivers/BSP/Components/LSM6DSM_ACC_GYRO_driver_HL.o
 .text.LSM6DSM_X_Get_Step_Count
                0x0800fc6a       0x26 Drivers/BSP/Components/LSM6DSM_ACC_GYRO_driver_HL.o
 .text.LSM6DSM_X_Enable_Step_Counter_Reset
                0x0800fc90       0x24 Drivers/BSP/Components/LSM6DSM_ACC_GYRO_driver_HL.o
 .text.LSM6DSM_X_Disable_Step_Counter_Reset
                0x0800fcb4       0x24 Drivers/BSP/Components/LSM6DSM_ACC_GYRO_driver_HL.o
 .text.LSM6DSM_X_Set_Pedometer_Threshold
                0x0800fcd8       0x2a Drivers/BSP/Components/LSM6DSM_ACC_GYRO_driver_HL.o
 .text.LSM6DSM_X_Enable_Tilt_Detection
                0x0800fd02       0x6e Drivers/BSP/Components/LSM6DSM_ACC_GYRO_driver_HL.o
 .text.LSM6DSM_X_Disable_Tilt_Detection
                0x0800fd70       0x48 Drivers/BSP/Components/LSM6DSM_ACC_GYRO_driver_HL.o
 .text.LSM6DSM_X_Get_Tilt_Detection_Status
                0x0800fdb8       0x48 Drivers/BSP/Components/LSM6DSM_ACC_GYRO_driver_HL.o
 .text.LSM6DSM_X_Enable_Wake_Up_Detection
                0x0800fe00       0x84 Drivers/BSP/Components/LSM6DSM_ACC_GYRO_driver_HL.o
 .text.LSM6DSM_X_Disable_Wake_Up_Detection
                0x0800fe84       0x5a Drivers/BSP/Components/LSM6DSM_ACC_GYRO_driver_HL.o
 .text.LSM6DSM_X_Get_Wake_Up_Detection_Status
                0x0800fede       0x48 Drivers/BSP/Components/LSM6DSM_ACC_GYRO_driver_HL.o
 .text.LSM6DSM_X_Set_Wake_Up_Threshold
                0x0800ff26       0x2a Drivers/BSP/Components/LSM6DSM_ACC_GYRO_driver_HL.o
 .text.LSM6DSM_X_Enable_Single_Tap_Detection
                0x0800ff50       0xcc Drivers/BSP/Components/LSM6DSM_ACC_GYRO_driver_HL.o
 .text.LSM6DSM_X_Disable_Single_Tap_Detection
                0x0801001c       0xa2 Drivers/BSP/Components/LSM6DSM_ACC_GYRO_driver_HL.o
 .text.LSM6DSM_X_Get_Single_Tap_Detection_Status
                0x080100be       0x48 Drivers/BSP/Components/LSM6DSM_ACC_GYRO_driver_HL.o
 *fill*         0x08010106        0x2 
 .text.LSM6DSM_X_Enable_Double_Tap_Detection
                0x08010108       0xf0 Drivers/BSP/Components/LSM6DSM_ACC_GYRO_driver_HL.o
 .text.LSM6DSM_X_Disable_Double_Tap_Detection
                0x080101f8       0xc6 Drivers/BSP/Components/LSM6DSM_ACC_GYRO_driver_HL.o
 .text.LSM6DSM_X_Get_Double_Tap_Detection_Status
                0x080102be       0x48 Drivers/BSP/Components/LSM6DSM_ACC_GYRO_driver_HL.o
 .text.LSM6DSM_X_Set_Tap_Threshold
                0x08010306       0x2a Drivers/BSP/Components/LSM6DSM_ACC_GYRO_driver_HL.o
 .text.LSM6DSM_X_Set_Tap_Shock_Time
                0x08010330       0x2a Drivers/BSP/Components/LSM6DSM_ACC_GYRO_driver_HL.o
 .text.LSM6DSM_X_Set_Tap_Quiet_Time
                0x0801035a       0x2a Drivers/BSP/Components/LSM6DSM_ACC_GYRO_driver_HL.o
 .text.LSM6DSM_X_Set_Tap_Duration_Time
                0x08010384       0x2a Drivers/BSP/Components/LSM6DSM_ACC_GYRO_driver_HL.o
 *fill*         0x080103ae        0x2 
 .text.LSM6DSM_X_Enable_6D_Orientation
                0x080103b0       0x74 Drivers/BSP/Components/LSM6DSM_ACC_GYRO_driver_HL.o
 .text.LSM6DSM_X_Disable_6D_Orientation
                0x08010424       0x48 Drivers/BSP/Components/LSM6DSM_ACC_GYRO_driver_HL.o
 .text.LSM6DSM_X_Get_6D_Orientation_Status
                0x0801046c       0x48 Drivers/BSP/Components/LSM6DSM_ACC_GYRO_driver_HL.o
 .text.LSM6DSM_X_Get_6D_Orientation_XL
                0x080104b4       0x48 Drivers/BSP/Components/LSM6DSM_ACC_GYRO_driver_HL.o
 .text.LSM6DSM_X_Get_6D_Orientation_XH
                0x080104fc       0x48 Drivers/BSP/Components/LSM6DSM_ACC_GYRO_driver_HL.o
 .text.LSM6DSM_X_Get_6D_Orientation_YL
                0x08010544       0x48 Drivers/BSP/Components/LSM6DSM_ACC_GYRO_driver_HL.o
 .text.LSM6DSM_X_Get_6D_Orientation_YH
                0x0801058c       0x48 Drivers/BSP/Components/LSM6DSM_ACC_GYRO_driver_HL.o
 .text.LSM6DSM_X_Get_6D_Orientation_ZL
                0x080105d4       0x48 Drivers/BSP/Components/LSM6DSM_ACC_GYRO_driver_HL.o
 .text.LSM6DSM_X_Get_6D_Orientation_ZH
                0x0801061c       0x48 Drivers/BSP/Components/LSM6DSM_ACC_GYRO_driver_HL.o
 .text.LSM6DSM_X_Read_Reg
                0x08010664       0x2e Drivers/BSP/Components/LSM6DSM_ACC_GYRO_driver_HL.o
 .text.LSM6DSM_X_Write_Reg
                0x08010692       0x30 Drivers/BSP/Components/LSM6DSM_ACC_GYRO_driver_HL.o
 .text.LSM6DSM_X_Get_DRDY_Status
                0x080106c2       0x48 Drivers/BSP/Components/LSM6DSM_ACC_GYRO_driver_HL.o
 .text.LSM6DSM_G_Read_Reg
                0x0801070a       0x2e Drivers/BSP/Components/LSM6DSM_ACC_GYRO_driver_HL.o
 .text.LSM6DSM_G_Write_Reg
                0x08010738       0x30 Drivers/BSP/Components/LSM6DSM_ACC_GYRO_driver_HL.o
 .text.LSM6DSM_G_Get_DRDY_Status
                0x08010768       0x48 Drivers/BSP/Components/LSM6DSM_ACC_GYRO_driver_HL.o
 .text.STC3115_Init
                0x080107b0      0x254 Drivers/BSP/Components/STC3115_Driver.o
 .text.STC3115_DeInit
                0x08010a04       0x1c Drivers/BSP/Components/STC3115_Driver.o
 .text.STC3115_Get_WhoAmI
                0x08010a20       0x2a Drivers/BSP/Components/STC3115_Driver.o
 *fill*         0x08010a4a        0x2 
 .text.STC3115_Task
                0x08010a4c      0x2a8 Drivers/BSP/Components/STC3115_Driver.o
 .text.STC3115_Reset
                0x08010cf4       0x52 Drivers/BSP/Components/STC3115_Driver.o
 .text.STC3115_Stop
                0x08010d46       0x4e Drivers/BSP/Components/STC3115_Driver.o
 .text.STC3115_GetSOC
                0x08010d94       0x38 Drivers/BSP/Components/STC3115_Driver.o
 .text.STC3115_GetOCV
                0x08010dcc       0x26 Drivers/BSP/Components/STC3115_Driver.o
 .text.STC3115_GetCurrent
                0x08010df2       0x24 Drivers/BSP/Components/STC3115_Driver.o
 .text.STC3115_GetTemperature
                0x08010e16       0x24 Drivers/BSP/Components/STC3115_Driver.o
 .text.STC3115_GetVoltage
                0x08010e3a       0x26 Drivers/BSP/Components/STC3115_Driver.o
 .text.STC3115_GetChargeValue
                0x08010e60       0x26 Drivers/BSP/Components/STC3115_Driver.o
 .text.STC3115_GetPresence
                0x08010e86       0x26 Drivers/BSP/Components/STC3115_Driver.o
 .text.STC3115_GetAlarmStatus
                0x08010eac       0x2a Drivers/BSP/Components/STC3115_Driver.o
 .text.STC3115_Status
                0x08010ed6       0x52 Drivers/BSP/Components/STC3115_Driver.o
 .text.STC3115_CalcRamCRC8
                0x08010f28       0x6c Drivers/BSP/Components/STC3115_Driver.o
 .text.STC3115_UpdateRamCRC
                0x08010f94       0x30 Drivers/BSP/Components/STC3115_Driver.o
 .text.STC3115_InitRamData
                0x08010fc4       0x5a Drivers/BSP/Components/STC3115_Driver.o
 .text.STC3115_WriteRamData
                0x0801101e       0x2c Drivers/BSP/Components/STC3115_Driver.o
 .text.STC3115_ReadRamData
                0x0801104a       0x2c Drivers/BSP/Components/STC3115_Driver.o
 .text.STC3115_ReadBatteryData
                0x08011076      0x156 Drivers/BSP/Components/STC3115_Driver.o
 .text.STC3115_Restore
                0x080111cc       0x60 Drivers/BSP/Components/STC3115_Driver.o
 .text.STC3115_Powerdown
                0x0801122c       0x42 Drivers/BSP/Components/STC3115_Driver.o
 .text.STC3115_conv
                0x0801126e       0x38 Drivers/BSP/Components/STC3115_Driver.o
 .text.STC3115_Startup
                0x080112a6       0x48 Drivers/BSP/Components/STC3115_Driver.o
 .text.STC3115_Read
                0x080112ee       0x36 Drivers/BSP/Components/STC3115_Driver.o
 .text.STC3115_Write
                0x08011324       0x36 Drivers/BSP/Components/STC3115_Driver.o
 .text.STC3115_ReadWord
                0x0801135a       0x3a Drivers/BSP/Components/STC3115_Driver.o
 .text.STC3115_WriteWord
                0x08011394       0x38 Drivers/BSP/Components/STC3115_Driver.o
 .text.STC3115_SetParam
                0x080113cc      0x128 Drivers/BSP/Components/STC3115_Driver.o
 .text.BSP_LED_Init
                0x080114f4       0xa0 Drivers/BSP/SensorTile/SensorTile.o
                0x080114f4                BSP_LED_Init
 .text.BSP_LED_On
                0x08011594       0x5c Drivers/BSP/SensorTile/SensorTile.o
                0x08011594                BSP_LED_On
 .text.BSP_LED_Off
                0x080115f0       0x5c Drivers/BSP/SensorTile/SensorTile.o
                0x080115f0                BSP_LED_Off
 .text.Sensor_IO_I2C_Init
                0x0801164c       0x18 Drivers/BSP/SensorTile/SensorTile.o
                0x0801164c                Sensor_IO_I2C_Init
 .text.Sensor_IO_SPI_Init
                0x08011664      0x118 Drivers/BSP/SensorTile/SensorTile.o
                0x08011664                Sensor_IO_SPI_Init
 .text.Sensor_IO_SPI_CS_Init_All
                0x0801177c      0x124 Drivers/BSP/SensorTile/SensorTile.o
                0x0801177c                Sensor_IO_SPI_CS_Init_All
 .text.Sensor_IO_SPI_CS_Init
                0x080118a0      0x12c Drivers/BSP/SensorTile/SensorTile.o
                0x080118a0                Sensor_IO_SPI_CS_Init
 .text.Sensor_IO_Write
                0x080119cc       0x86 Drivers/BSP/SensorTile/SensorTile.o
                0x080119cc                Sensor_IO_Write
 .text.Sensor_IO_I2C_Write
                0x08011a52       0x30 Drivers/BSP/SensorTile/SensorTile.o
                0x08011a52                Sensor_IO_I2C_Write
 .text.Sensor_IO_Read
                0x08011a82       0x86 Drivers/BSP/SensorTile/SensorTile.o
                0x08011a82                Sensor_IO_Read
 .text.Sensor_IO_I2C_Read
                0x08011b08       0x30 Drivers/BSP/SensorTile/SensorTile.o
                0x08011b08                Sensor_IO_I2C_Read
 .text.Sensor_IO_SPI_Write
                0x08011b38       0x60 Drivers/BSP/SensorTile/SensorTile.o
                0x08011b38                Sensor_IO_SPI_Write
 .text.Sensor_IO_SPI_Read
                0x08011b98       0x9c Drivers/BSP/SensorTile/SensorTile.o
                0x08011b98                Sensor_IO_SPI_Read
 .text.Sensor_IO_SPI_CS_Enable
                0x08011c34       0x74 Drivers/BSP/SensorTile/SensorTile.o
                0x08011c34                Sensor_IO_SPI_CS_Enable
 .text.Sensor_IO_SPI_CS_Disable
                0x08011ca8       0x74 Drivers/BSP/SensorTile/SensorTile.o
                0x08011ca8                Sensor_IO_SPI_CS_Disable
 .text.LSM6DSM_Sensor_IO_ITConfig
                0x08011d1c       0x5c Drivers/BSP/SensorTile/SensorTile.o
                0x08011d1c                LSM6DSM_Sensor_IO_ITConfig
 .text.SPI_Read
                0x08011d78       0x70 Drivers/BSP/SensorTile/SensorTile.o
                0x08011d78                SPI_Read
 .text.SPI_Read_nBytes
                0x08011de8       0xa4 Drivers/BSP/SensorTile/SensorTile.o
                0x08011de8                SPI_Read_nBytes
 .text.SPI_Write
                0x08011e8c       0x52 Drivers/BSP/SensorTile/SensorTile.o
                0x08011e8c                SPI_Write
 *fill*         0x08011ede        0x2 
 .text.I2C_SENSORTILE_Init
                0x08011ee0       0x54 Drivers/BSP/SensorTile/SensorTile.o
 .text.I2C_SENSORTILE_WriteData
                0x08011f34       0x60 Drivers/BSP/SensorTile/SensorTile.o
 .text.I2C_SENSORTILE_ReadData
                0x08011f94       0x60 Drivers/BSP/SensorTile/SensorTile.o
 .text.I2C_SENSORTILE_Error
                0x08011ff4       0x20 Drivers/BSP/SensorTile/SensorTile.o
 .text.I2C_SENSORTILE_MspInit
                0x08012014       0xc0 Drivers/BSP/SensorTile/SensorTile.o
 .text.SD_IO_SPI_MspInit
                0x080120d4       0xc0 Drivers/BSP/SensorTile/SensorTile.o
 .text.SD_IO_SPI_Init_LS
                0x08012194       0x78 Drivers/BSP/SensorTile/SensorTile.o
 .text.SD_IO_SPI_Init
                0x0801220c       0x78 Drivers/BSP/SensorTile/SensorTile.o
 .text.SD_IO_SPI_Read
                0x08012284       0x48 Drivers/BSP/SensorTile/SensorTile.o
 .text.SD_IO_SPI_Write
                0x080122cc       0x3c Drivers/BSP/SensorTile/SensorTile.o
 .text.SD_IO_SPI_Error
                0x08012308       0x18 Drivers/BSP/SensorTile/SensorTile.o
 .text.SD_IO_Init
                0x08012320       0x40 Drivers/BSP/SensorTile/SensorTile.o
                0x08012320                SD_IO_Init
 .text.SD_IO_Init_LS
                0x08012360       0x40 Drivers/BSP/SensorTile/SensorTile.o
                0x08012360                SD_IO_Init_LS
 .text.SD_IO_CS_Init
                0x080123a0       0x4c Drivers/BSP/SensorTile/SensorTile.o
                0x080123a0                SD_IO_CS_Init
 .text.SD_IO_WriteByte
                0x080123ec       0x1a Drivers/BSP/SensorTile/SensorTile.o
                0x080123ec                SD_IO_WriteByte
 .text.SD_IO_ReadByte
                0x08012406       0x1c Drivers/BSP/SensorTile/SensorTile.o
                0x08012406                SD_IO_ReadByte
 *fill*         0x08012422        0x2 
 .text.SD_IO_WriteCmd_wResp
                0x08012424       0xa0 Drivers/BSP/SensorTile/SensorTile.o
                0x08012424                SD_IO_WriteCmd_wResp
 .text.SD_IO_WriteCmd
                0x080124c4       0x98 Drivers/BSP/SensorTile/SensorTile.o
                0x080124c4                SD_IO_WriteCmd
 .text.SD_IO_WaitResponse
                0x0801255c       0x3e Drivers/BSP/SensorTile/SensorTile.o
                0x0801255c                SD_IO_WaitResponse
 *fill*         0x0801259a        0x2 
 .text.SD_IO_WriteDummy
                0x0801259c       0x20 Drivers/BSP/SensorTile/SensorTile.o
                0x0801259c                SD_IO_WriteDummy
 .text.BSP_ACCELERO_Init
                0x080125bc       0x6e Drivers/BSP/SensorTile/SensorTile_accelero.o
                0x080125bc                BSP_ACCELERO_Init
 *fill*         0x0801262a        0x2 
 .text.BSP_LSM6DSM_ACCELERO_Init
                0x0801262c      0x140 Drivers/BSP/SensorTile/SensorTile_accelero.o
 .text.BSP_LSM303AGR_ACCELERO_Init
                0x0801276c      0x128 Drivers/BSP/SensorTile/SensorTile_accelero.o
 .text.BSP_ACCELERO_Sensor_Enable
                0x08012894       0x48 Drivers/BSP/SensorTile/SensorTile_accelero.o
                0x08012894                BSP_ACCELERO_Sensor_Enable
 .text.BSP_ACCELERO_IsInitialized
                0x080128dc       0x38 Drivers/BSP/SensorTile/SensorTile_accelero.o
                0x080128dc                BSP_ACCELERO_IsInitialized
 .text.BSP_ACCELERO_Get_Instance
                0x08012914       0x38 Drivers/BSP/SensorTile/SensorTile_accelero.o
                0x08012914                BSP_ACCELERO_Get_Instance
 .text.BSP_ACCELERO_Get_Axes
                0x0801294c       0x56 Drivers/BSP/SensorTile/SensorTile_accelero.o
                0x0801294c                BSP_ACCELERO_Get_Axes
 .text.BSP_ACCELERO_Enable_Double_Tap_Detection_Ext
                0x080129a2       0x52 Drivers/BSP/SensorTile/SensorTile_accelero.o
                0x080129a2                BSP_ACCELERO_Enable_Double_Tap_Detection_Ext
 .text.BSP_ACCELERO_Get_Double_Tap_Detection_Status_Ext
                0x080129f4       0x60 Drivers/BSP/SensorTile/SensorTile_accelero.o
                0x080129f4                BSP_ACCELERO_Get_Double_Tap_Detection_Status_Ext
 .text.BSP_ACCELERO_Set_Tap_Threshold_Ext
                0x08012a54       0x5a Drivers/BSP/SensorTile/SensorTile_accelero.o
                0x08012a54                BSP_ACCELERO_Set_Tap_Threshold_Ext
 *fill*         0x08012aae        0x2 
 .text.BSP_GG_Init
                0x08012ab0       0xe8 Drivers/BSP/SensorTile/SensorTile_gg.o
                0x08012ab0                BSP_GG_Init
 .text.BSP_GYRO_Init
                0x08012b98       0x4a Drivers/BSP/SensorTile/SensorTile_gyro.o
                0x08012b98                BSP_GYRO_Init
 *fill*         0x08012be2        0x2 
 .text.BSP_LSM6DSM_GYRO_Init
                0x08012be4      0x138 Drivers/BSP/SensorTile/SensorTile_gyro.o
 .text.BSP_GYRO_Sensor_Enable
                0x08012d1c       0x48 Drivers/BSP/SensorTile/SensorTile_gyro.o
                0x08012d1c                BSP_GYRO_Sensor_Enable
 .text.BSP_GYRO_IsInitialized
                0x08012d64       0x38 Drivers/BSP/SensorTile/SensorTile_gyro.o
                0x08012d64                BSP_GYRO_IsInitialized
 .text.BSP_GYRO_Get_Instance
                0x08012d9c       0x38 Drivers/BSP/SensorTile/SensorTile_gyro.o
                0x08012d9c                BSP_GYRO_Get_Instance
 .text.BSP_GYRO_Get_Axes
                0x08012dd4       0x56 Drivers/BSP/SensorTile/SensorTile_gyro.o
                0x08012dd4                BSP_GYRO_Get_Axes
 .text.BSP_HUMIDITY_Init
                0x08012e2a       0x4a Drivers/BSP/SensorTile/SensorTile_humidity.o
                0x08012e2a                BSP_HUMIDITY_Init
 .text.BSP_HTS221_HUMIDITY_Init
                0x08012e74       0xec Drivers/BSP/SensorTile/SensorTile_humidity.o
 .text.BSP_HUMIDITY_Sensor_Enable
                0x08012f60       0x48 Drivers/BSP/SensorTile/SensorTile_humidity.o
                0x08012f60                BSP_HUMIDITY_Sensor_Enable
 .text.BSP_MAGNETO_Init
                0x08012fa8       0x4a Drivers/BSP/SensorTile/SensorTile_magneto.o
                0x08012fa8                BSP_MAGNETO_Init
 *fill*         0x08012ff2        0x2 
 .text.BSP_LSM303AGR_MAGNETO_Init
                0x08012ff4      0x138 Drivers/BSP/SensorTile/SensorTile_magneto.o
 .text.BSP_MAGNETO_Sensor_Enable
                0x0801312c       0x48 Drivers/BSP/SensorTile/SensorTile_magneto.o
                0x0801312c                BSP_MAGNETO_Sensor_Enable
 .text.BSP_PRESSURE_Init
                0x08013174       0x4a Drivers/BSP/SensorTile/SensorTile_pressure.o
                0x08013174                BSP_PRESSURE_Init
 *fill*         0x080131be        0x2 
 .text.BSP_LPS22HB_PRESSURE_Init
                0x080131c0      0x170 Drivers/BSP/SensorTile/SensorTile_pressure.o
 .text.BSP_PRESSURE_Sensor_Enable
                0x08013330       0x48 Drivers/BSP/SensorTile/SensorTile_pressure.o
                0x08013330                BSP_PRESSURE_Sensor_Enable
 .text.BSP_SD_Init
                0x08013378       0x44 Drivers/BSP/SensorTile/SensorTile_sd.o
                0x08013378                BSP_SD_Init
 .text.BSP_SD_GetCardInfo
                0x080133bc       0x70 Drivers/BSP/SensorTile/SensorTile_sd.o
                0x080133bc                BSP_SD_GetCardInfo
 .text.BSP_SD_ReadBlocks
                0x0801342c       0xf0 Drivers/BSP/SensorTile/SensorTile_sd.o
                0x0801342c                BSP_SD_ReadBlocks
 .text.BSP_SD_WriteBlocks
                0x0801351c       0xec Drivers/BSP/SensorTile/SensorTile_sd.o
                0x0801351c                BSP_SD_WriteBlocks
 .text.SD_GetCSDRegister
                0x08013608      0x2d0 Drivers/BSP/SensorTile/SensorTile_sd.o
 .text.SD_GetCIDRegister
                0x080138d8      0x152 Drivers/BSP/SensorTile/SensorTile_sd.o
 .text.SD_SendCmd_wResp
                0x08013a2a       0x26 Drivers/BSP/SensorTile/SensorTile_sd.o
 .text.SD_SendCmd
                0x08013a50       0x40 Drivers/BSP/SensorTile/SensorTile_sd.o
 .text.SD_GetDataResponse
                0x08013a90       0x6a Drivers/BSP/SensorTile/SensorTile_sd.o
 .text.BSP_SD_GetStatus
                0x08013afa       0x10 Drivers/BSP/SensorTile/SensorTile_sd.o
                0x08013afa                BSP_SD_GetStatus
 *fill*         0x08013b0a        0x2 
 .text.SD_GoIdleState
                0x08013b0c      0x10c Drivers/BSP/SensorTile/SensorTile_sd.o
 .text.BSP_TEMPERATURE_Init